Archive member included to satisfy reference by file (symbol)

/usr/lib/gcc/arm-none-eabi/5.4.1/../../../arm-none-eabi/lib/armv7e-m/fpu/libm.a(lib_a-s_atan.o)
                              ./src/modules/dynamic_unit.o (atan)
/usr/lib/gcc/arm-none-eabi/5.4.1/../../../arm-none-eabi/lib/armv7e-m/fpu/libm.a(lib_a-s_fabs.o)
                              /usr/lib/gcc/arm-none-eabi/5.4.1/../../../arm-none-eabi/lib/armv7e-m/fpu/libm.a(lib_a-s_atan.o) (fabs)
/usr/lib/gcc/arm-none-eabi/5.4.1/../../../arm-none-eabi/lib/armv7e-m/fpu/libm.a(lib_a-sf_round.o)
                              ./src/modules/dynamic_unit.o (roundf)
/usr/lib/gcc/arm-none-eabi/5.4.1/../../../arm-none-eabi/lib/armv7e-m/fpu/libm.a(lib_a-w_log.o)
                              ./src/modules/kinematic_unit.o (log)
/usr/lib/gcc/arm-none-eabi/5.4.1/../../../arm-none-eabi/lib/armv7e-m/fpu/libm.a(lib_a-w_pow.o)
                              ./src/modules/dynamic_unit.o (pow)
/usr/lib/gcc/arm-none-eabi/5.4.1/../../../arm-none-eabi/lib/armv7e-m/fpu/libm.a(lib_a-w_sqrt.o)
                              ./src/modules/dynamic_unit.o (sqrt)
/usr/lib/gcc/arm-none-eabi/5.4.1/../../../arm-none-eabi/lib/armv7e-m/fpu/libm.a(lib_a-e_log.o)
                              /usr/lib/gcc/arm-none-eabi/5.4.1/../../../arm-none-eabi/lib/armv7e-m/fpu/libm.a(lib_a-w_log.o) (__ieee754_log)
/usr/lib/gcc/arm-none-eabi/5.4.1/../../../arm-none-eabi/lib/armv7e-m/fpu/libm.a(lib_a-e_pow.o)
                              /usr/lib/gcc/arm-none-eabi/5.4.1/../../../arm-none-eabi/lib/armv7e-m/fpu/libm.a(lib_a-w_pow.o) (__ieee754_pow)
/usr/lib/gcc/arm-none-eabi/5.4.1/../../../arm-none-eabi/lib/armv7e-m/fpu/libm.a(lib_a-e_sqrt.o)
                              /usr/lib/gcc/arm-none-eabi/5.4.1/../../../arm-none-eabi/lib/armv7e-m/fpu/libm.a(lib_a-w_sqrt.o) (__ieee754_sqrt)
/usr/lib/gcc/arm-none-eabi/5.4.1/../../../arm-none-eabi/lib/armv7e-m/fpu/libm.a(lib_a-s_finite.o)
                              /usr/lib/gcc/arm-none-eabi/5.4.1/../../../arm-none-eabi/lib/armv7e-m/fpu/libm.a(lib_a-w_pow.o) (finite)
/usr/lib/gcc/arm-none-eabi/5.4.1/../../../arm-none-eabi/lib/armv7e-m/fpu/libm.a(lib_a-s_lib_ver.o)
                              /usr/lib/gcc/arm-none-eabi/5.4.1/../../../arm-none-eabi/lib/armv7e-m/fpu/libm.a(lib_a-w_log.o) (__fdlib_version)
/usr/lib/gcc/arm-none-eabi/5.4.1/../../../arm-none-eabi/lib/armv7e-m/fpu/libm.a(lib_a-s_matherr.o)
                              /usr/lib/gcc/arm-none-eabi/5.4.1/../../../arm-none-eabi/lib/armv7e-m/fpu/libm.a(lib_a-w_log.o) (matherr)
/usr/lib/gcc/arm-none-eabi/5.4.1/../../../arm-none-eabi/lib/armv7e-m/fpu/libm.a(lib_a-s_nan.o)
                              /usr/lib/gcc/arm-none-eabi/5.4.1/../../../arm-none-eabi/lib/armv7e-m/fpu/libm.a(lib_a-w_log.o) (nan)
/usr/lib/gcc/arm-none-eabi/5.4.1/../../../arm-none-eabi/lib/armv7e-m/fpu/libm.a(lib_a-s_rint.o)
                              /usr/lib/gcc/arm-none-eabi/5.4.1/../../../arm-none-eabi/lib/armv7e-m/fpu/libm.a(lib_a-w_pow.o) (rint)
/usr/lib/gcc/arm-none-eabi/5.4.1/../../../arm-none-eabi/lib/armv7e-m/fpu/libm.a(lib_a-s_scalbn.o)
                              /usr/lib/gcc/arm-none-eabi/5.4.1/../../../arm-none-eabi/lib/armv7e-m/fpu/libm.a(lib_a-e_pow.o) (scalbn)
/usr/lib/gcc/arm-none-eabi/5.4.1/../../../arm-none-eabi/lib/armv7e-m/fpu/libm.a(lib_a-s_copysign.o)
                              /usr/lib/gcc/arm-none-eabi/5.4.1/../../../arm-none-eabi/lib/armv7e-m/fpu/libm.a(lib_a-s_scalbn.o) (copysign)
/usr/lib/gcc/arm-none-eabi/5.4.1/armv7e-m/fpu/libgcc.a(_arm_addsubdf3.o)
                              ./src/library/MadgwickAHRS.o (__aeabi_dsub)
/usr/lib/gcc/arm-none-eabi/5.4.1/armv7e-m/fpu/libgcc.a(_arm_muldivdf3.o)
                              ./src/modules/dynamic_unit.o (__aeabi_dmul)
/usr/lib/gcc/arm-none-eabi/5.4.1/armv7e-m/fpu/libgcc.a(_arm_cmpdf2.o)
                              /usr/lib/gcc/arm-none-eabi/5.4.1/../../../arm-none-eabi/lib/armv7e-m/fpu/libm.a(lib_a-w_log.o) (__aeabi_dcmpeq)
/usr/lib/gcc/arm-none-eabi/5.4.1/armv7e-m/fpu/libgcc.a(_arm_unorddf2.o)
                              /usr/lib/gcc/arm-none-eabi/5.4.1/../../../arm-none-eabi/lib/armv7e-m/fpu/libm.a(lib_a-w_log.o) (__aeabi_dcmpun)
/usr/lib/gcc/arm-none-eabi/5.4.1/armv7e-m/fpu/libgcc.a(_arm_truncdfsf2.o)
                              ./src/modules/dynamic_unit.o (__aeabi_d2f)
/usr/lib/gcc/arm-none-eabi/5.4.1/../../../arm-none-eabi/lib/armv7e-m/fpu/libg_nano.a(lib_a-ctype_.o)
                              ./src/drivers/minmea.o (__ctype_ptr__)
/usr/lib/gcc/arm-none-eabi/5.4.1/../../../arm-none-eabi/lib/armv7e-m/fpu/libg_nano.a(lib_a-errno.o)
                              ./system/src/newlib/_sbrk.o (__errno)
/usr/lib/gcc/arm-none-eabi/5.4.1/../../../arm-none-eabi/lib/armv7e-m/fpu/libg_nano.a(lib_a-impure.o)
                              /usr/lib/gcc/arm-none-eabi/5.4.1/../../../arm-none-eabi/lib/armv7e-m/fpu/libg_nano.a(lib_a-errno.o) (_impure_ptr)
/usr/lib/gcc/arm-none-eabi/5.4.1/../../../arm-none-eabi/lib/armv7e-m/fpu/libg_nano.a(lib_a-malloc.o)
[...]
Memory Configuration

Name             Origin             Length             Attributes
RAM              0x20000000         0x00020000         xrw
CCMRAM           0x10000000         0x00010000         xrw
FLASH            0x08000000         0x00100000         xr
FLASHB1          0x00000000         0x00000000         xr
EXTMEMB0         0x00000000         0x00000000         xr
EXTMEMB1         0x00000000         0x00000000         xr
EXTMEMB2         0x00000000         0x00000000         xr
EXTMEMB3         0x00000000         0x00000000         xr
MEMORY_ARRAY     0x20002000         0x00000020         xrw
*default*        0x00000000         0xffffffff

Linker script and memory map

LOAD ./system/src/stm32f4-hal/stm32f4xx_hal.o
LOAD ./system/src/stm32f4-hal/stm32f4xx_hal_cortex.o
LOAD ./system/src/stm32f4-hal/stm32f4xx_hal_dfsdm.o
LOAD ./system/src/stm32f4-hal/stm32f4xx_hal_dma.o
LOAD ./system/src/stm32f4-hal/stm32f4xx_hal_dma_ex.o
LOAD ./system/src/stm32f4-hal/stm32f4xx_hal_flash.o
LOAD ./system/src/stm32f4-hal/stm32f4xx_hal_gpio.o
LOAD ./system/src/stm32f4-hal/stm32f4xx_hal_i2c.o
LOAD ./system/src/stm32f4-hal/stm32f4xx_hal_i2c_ex.o
LOAD ./system/src/stm32f4-hal/stm32f4xx_hal_iwdg.o
LOAD ./system/src/stm32f4-hal/stm32f4xx_hal_pwr.o
LOAD ./system/src/stm32f4-hal/stm32f4xx_hal_rcc.o
LOAD ./system/src/stm32f4-hal/stm32f4xx_hal_spi.o
LOAD ./system/src/stm32f4-hal/stm32f4xx_hal_tim.o
LOAD ./system/src/stm32f4-hal/stm32f4xx_hal_tim_ex.o
LOAD ./system/src/stm32f4-hal/stm32f4xx_hal_uart.o
LOAD ./system/src/stm32f4-hal/stm32f4xx_hal_usart.o
LOAD ./system/src/newlib/_cxx.o
LOAD ./system/src/newlib/_exit.o
LOAD ./system/src/newlib/_sbrk.o
LOAD ./system/src/newlib/_startup.o
LOAD ./system/src/newlib/_syscalls.o
LOAD ./system/src/newlib/assert.o
LOAD ./system/src/diag/Trace.o
LOAD ./system/src/diag/trace_impl.o
LOAD ./system/src/cortexm/_initialize_hardware.o
LOAD ./system/src/cortexm/_reset_hardware.o
LOAD ./system/src/cortexm/exception_handlers.o
LOAD ./system/src/cmsis/system_stm32f4xx.o
LOAD ./system/src/cmsis/vectors_stm32f405xx.o
LOAD ./system-usr/src_/stm32f4xx_hal_timebase_tim.o
LOAD ./src/modules/dynamic_unit.o
LOAD ./src/modules/kinematic_unit.o
LOAD ./src/modules/telemetry.o
LOAD ./src/library/MadgwickAHRS.o
LOAD ./src/library/quaternion.o
LOAD ./src/drivers/sd/fatfs/diskio.o
LOAD ./src/drivers/sd/fatfs/ff.o
LOAD ./src/drivers/sd/fatfs/ffsystem.o
LOAD ./src/drivers/sd/fatfs/ffunicode.o
LOAD ./src/drivers/sd/crc.o
LOAD ./src/drivers/sd/dump.o
LOAD ./src/drivers/sd/sd.o
LOAD ./src/drivers/MPU9255.o
LOAD ./src/drivers/UNICS_bmp280.o
LOAD ./src/drivers/gps_nmea.o
LOAD ./src/drivers/minmea.o
LOAD ./src/drivers/nRF24L01.o
LOAD ./src/_initialize_hardware.o
LOAD ./src/_write.o
LOAD ./src/main.o
LOAD ./src/stm32f4xx_hal_msp.o
LOAD ./sofa/cp.o
LOAD ./sofa/pmp.o
LOAD ./sofa/rxp.o
LOAD ./FreeRTOS/portable/GCC/ARM_CM4F/port.o
LOAD ./FreeRTOS-usr/hooks.o
LOAD ./FreeRTOS/croutine.o
LOAD ./FreeRTOS/event_groups.o
LOAD ./FreeRTOS/list.o
LOAD ./FreeRTOS/queue.o
LOAD ./FreeRTOS/stream_buffer.o
LOAD ./FreeRTOS/tasks.o
LOAD ./FreeRTOS/timers.o
LOAD /usr/lib/gcc/arm-none-eabi/5.4.1/../../../arm-none-eabi/lib/armv7e-m/fpu/libstdc++_nano.a
LOAD /usr/lib/gcc/arm-none-eabi/5.4.1/../../../arm-none-eabi/lib/armv7e-m/fpu/libm.a
START GROUP
LOAD /usr/lib/gcc/arm-none-eabi/5.4.1/armv7e-m/fpu/libgcc.a
LOAD /usr/lib/gcc/arm-none-eabi/5.4.1/../../../arm-none-eabi/lib/armv7e-m/fpu/libg_nano.a
LOAD /usr/lib/gcc/arm-none-eabi/5.4.1/../../../arm-none-eabi/lib/armv7e-m/fpu/libc_nano.a
END GROUP
START GROUP
LOAD /usr/lib/gcc/arm-none-eabi/5.4.1/armv7e-m/fpu/libgcc.a
LOAD /usr/lib/gcc/arm-none-eabi/5.4.1/../../../arm-none-eabi/lib/armv7e-m/fpu/libc_nano.a
END GROUP
                0x20020000                __stack = (ORIGIN (RAM) + LENGTH (RAM))
                0x20020000                _estack = __stack
                0x00000400                __Main_Stack_Size = 0x400
                [!provide]                PROVIDE (_Main_Stack_Size, __Main_Stack_Size)
                0x2001fc00                __Main_Stack_Limit = (__stack - __Main_Stack_Size)
                [!provide]                PROVIDE (_Main_Stack_Limit, __Main_Stack_Limit)
                0x00000100                _Minimum_Stack_Size = 0x100
                0x2001e560                PROVIDE (_Heap_Begin, _end_noinit)
                0x2001fc00                PROVIDE (_Heap_Limit, (__stack - __Main_Stack_Size))

.isr_vector     0x08000000      0x3ec
 FILL mask 0xff
                0x08000000                __vectors_start = ABSOLUTE (.)
                0x08000000                __vectors_start__ = ABSOLUTE (.)
 *(.isr_vector)
 .isr_vector    0x08000000      0x188 ./system/src/cmsis/vectors_stm32f405xx.o
                0x08000000                __isr_vectors
 *(.cfmconfig)
 *(.after_vectors .after_vectors.*)
 .after_vectors
                0x08000188      0x130 ./system/src/newlib/_startup.o
                0x08000188                _start
 .after_vectors
                0x080002b8      0x130 ./system/src/cortexm/exception_handlers.o
                0x080002b8                Reset_Handler
                0x080002c0                NMI_Handler
                0x080002c4                HardFault_Handler
                0x080002d8                HardFault_Handler_C
                0x08000338                MemManage_Handler
                0x0800033c                BusFault_Handler
                0x08000350                BusFault_Handler_C
                0x08000384                UsageFault_Handler
                0x08000398                UsageFault_Handler_C
                0x080003d0                DebugMon_Handler
 .after_vectors
                0x080003e8        0x4 ./system/src/cmsis/vectors_stm32f405xx.o
                0x080003e8                RTC_Alarm_IRQHandler
                0x080003e8                HASH_RNG_IRQHandler
                0x080003e8                EXTI2_IRQHandler
                0x080003e8                TIM8_CC_IRQHandler
                0x080003e8                TIM1_CC_IRQHandler
                0x080003e8                DMA2_Stream5_IRQHandler
                0x080003e8                DMA1_Stream5_IRQHandler
                0x080003e8                PVD_IRQHandler
                0x080003e8                SDIO_IRQHandler
                0x080003e8                TAMP_STAMP_IRQHandler
                0x080003e8                CAN2_RX1_IRQHandler
                0x080003e8                EXTI3_IRQHandler
                0x080003e8                TIM8_TRG_COM_TIM14_IRQHandler
                0x080003e8                TIM8_UP_TIM13_IRQHandler
                0x080003e8                I2C3_ER_IRQHandler
                0x080003e8                EXTI0_IRQHandler
                0x080003e8                I2C2_EV_IRQHandler
                0x080003e8                DMA1_Stream2_IRQHandler
                0x080003e8                CAN1_RX0_IRQHandler
                0x080003e8                FPU_IRQHandler
                0x080003e8                OTG_HS_WKUP_IRQHandler
                0x080003e8                CAN2_SCE_IRQHandler
                0x080003e8                DMA2_Stream2_IRQHandler
                0x080003e8                SPI1_IRQHandler
                0x080003e8                TIM1_BRK_TIM9_IRQHandler
                0x080003e8                CAN2_RX0_IRQHandler
                0x080003e8                DMA2_Stream3_IRQHandler
                0x080003e8                USART6_IRQHandler
                0x080003e8                USART3_IRQHandler
                0x080003e8                CAN1_RX1_IRQHandler
                0x080003e8                UART5_IRQHandler
                0x080003e8                DMA2_Stream0_IRQHandler
                0x080003e8                TIM4_IRQHandler
                0x080003e8                I2C1_EV_IRQHandler
                0x080003e8                DMA1_Stream6_IRQHandler
                0x080003e8                DMA1_Stream1_IRQHandler
                0x080003e8                UART4_IRQHandler
                0x080003e8                TIM3_IRQHandler
                0x080003e8                RCC_IRQHandler
                0x080003e8                TIM8_BRK_TIM12_IRQHandler
                0x080003e8                Default_Handler
                0x080003e8                EXTI15_10_IRQHandler
                0x080003e8                ADC_IRQHandler
                0x080003e8                DMA1_Stream7_IRQHandler
                0x080003e8                TIM7_IRQHandler
                0x080003e8                CAN2_TX_IRQHandler
                0x080003e8                TIM5_IRQHandler
                0x080003e8                DMA2_Stream7_IRQHandler
                0x080003e8                I2C3_EV_IRQHandler
                0x080003e8                EXTI9_5_IRQHandler
                0x080003e8                RTC_WKUP_IRQHandler
                0x080003e8                SPI2_IRQHandler
                0x080003e8                OTG_HS_EP1_IN_IRQHandler
                0x080003e8                DMA1_Stream0_IRQHandler
                0x080003e8                CAN1_TX_IRQHandler
                0x080003e8                EXTI4_IRQHandler
                0x080003e8                OTG_HS_EP1_OUT_IRQHandler
                0x080003e8                WWDG_IRQHandler
                0x080003e8                TIM2_IRQHandler
                0x080003e8                OTG_FS_WKUP_IRQHandler
                0x080003e8                TIM1_TRG_COM_TIM11_IRQHandler
                0x080003e8                OTG_HS_IRQHandler
                0x080003e8                EXTI1_IRQHandler
                0x080003e8                USART2_IRQHandler
                0x080003e8                I2C2_ER_IRQHandler
                0x080003e8                DMA2_Stream1_IRQHandler
                0x080003e8                CAN1_SCE_IRQHandler
                0x080003e8                FLASH_IRQHandler
                0x080003e8                DMA2_Stream4_IRQHandler
                0x080003e8                USART1_IRQHandler
                0x080003e8                OTG_FS_IRQHandler
                0x080003e8                SPI3_IRQHandler
                0x080003e8                DMA1_Stream4_IRQHandler
                0x080003e8                I2C1_ER_IRQHandler
                0x080003e8                FMC_IRQHandler
                0x080003e8                DMA2_Stream6_IRQHandler
                0x080003e8                DMA1_Stream3_IRQHandler

.inits          0x080003ec       0x28
                0x080003ec                __data_regions_array_start = .
                0x080003ec        0x4 LONG 0x80175e4 LOADADDR (.data)
                0x080003f0        0x4 LONG 0x20000000 ADDR (.data)
                0x080003f4        0x4 LONG 0x20000118 (ADDR (.data) + SIZEOF (.data))
                0x080003f8        0x4 LONG 0x80175e4 LOADADDR (.data_CCMRAM)
                0x080003fc        0x4 LONG 0x10000000 ADDR (.data_CCMRAM)
                0x08000400        0x4 LONG 0x10000000 (ADDR (.data_CCMRAM) + SIZEOF (.data_CCMRAM))
                0x08000404                __data_regions_array_end = .
                0x08000404                __bss_regions_array_start = .
                0x08000404        0x4 LONG 0x20000118 ADDR (.bss)
                0x08000408        0x4 LONG 0x2001e560 (ADDR (.bss) + SIZEOF (.bss))
                0x0800040c        0x4 LONG 0x10000000 ADDR (.bss_CCMRAM)
                0x08000410        0x4 LONG 0x10000000 (ADDR (.bss_CCMRAM) + SIZEOF (.bss_CCMRAM))
                0x08000414                __bss_regions_array_end = .
 *(.init)
 *(.fini)
                0x08000414                . = ALIGN (0x4)
                0x08000414                PROVIDE (__preinit_array_start, .)
 *(.preinit_array_sysinit .preinit_array_sysinit.*)
 *(.preinit_array_platform .preinit_array_platform.*)
 *(.preinit_array .preinit_array.*)
                0x08000414                PROVIDE (__preinit_array_end, .)
                0x08000414                . = ALIGN (0x4)
                0x08000414                PROVIDE (__init_array_start, .)
 *(SORT(.init_array.*))
 *(.init_array)
                0x08000414                PROVIDE (__init_array_end, .)
                0x08000414                . = ALIGN (0x4)
                0x08000414                PROVIDE (__fini_array_start, .)
 *(SORT(.fini_array.*))
 *(.fini_array)
                0x08000414                PROVIDE (__fini_array_end, .)

.flashtext
 *(.flashtext .flashtext.*)

.text           0x08000440    0x171a4
 *(.text .text.*)
 .text.HAL_Init
                0x08000440       0x34 ./system/src/stm32f4-hal/stm32f4xx_hal.o
                0x08000440                HAL_Init
 .text.HAL_IncTick
                0x08000474       0x10 ./system/src/stm32f4-hal/stm32f4xx_hal.o
                0x08000474                HAL_IncTick
 .text.HAL_GetTick
                0x08000484        0xc ./system/src/stm32f4-hal/stm32f4xx_hal.o
                0x08000484                HAL_GetTick
 .text.HAL_Delay
                0x08000490       0x1c ./system/src/stm32f4-hal/stm32f4xx_hal.o
                0x08000490                HAL_Delay
 .text.HAL_NVIC_SetPriorityGrouping
                0x080004ac       0x3c ./system/src/stm32f4-hal/stm32f4xx_hal_cortex.o
                0x080004ac                HAL_NVIC_SetPriorityGrouping
 .text.HAL_NVIC_SetPriority
                0x080004e8       0x84 ./system/src/stm32f4-hal/stm32f4xx_hal_cortex.o
                0x080004e8                HAL_NVIC_SetPriority
 .text.HAL_NVIC_EnableIRQ
                0x0800056c       0x2c ./system/src/stm32f4-hal/stm32f4xx_hal_cortex.o
                0x0800056c                HAL_NVIC_EnableIRQ
 .text.HAL_SYSTICK_Config
                0x08000598       0x2c ./system/src/stm32f4-hal/stm32f4xx_hal_cortex.o
                0x08000598                HAL_SYSTICK_Config
 .text.HAL_SYSTICK_CLKSourceConfig
                0x080005c4       0x38 ./system/src/stm32f4-hal/stm32f4xx_hal_cortex.o
                0x080005c4                HAL_SYSTICK_CLKSourceConfig
 .text.DMA_SetConfig
                0x080005fc       0x2c ./system/src/stm32f4-hal/stm32f4xx_hal_dma.o
 .text.DMA_CalcBaseAndBitshift
                0x08000628       0x3c ./system/src/stm32f4-hal/stm32f4xx_hal_dma.o
 .text.DMA_CheckFifoParam
                0x08000664       0xa0 ./system/src/stm32f4-hal/stm32f4xx_hal_dma.o
 .text.HAL_DMA_Init
                0x08000704      0x270 ./system/src/stm32f4-hal/stm32f4xx_hal_dma.o
                0x08000704                HAL_DMA_Init
 .text.HAL_DMA_Start
                0x08000974       0x74 ./system/src/stm32f4-hal/stm32f4xx_hal_dma.o
                0x08000974                HAL_DMA_Start
 .text.HAL_GPIO_Init
                0x080009e8      0x324 ./system/src/stm32f4-hal/stm32f4xx_hal_gpio.o
                0x080009e8                HAL_GPIO_Init
 .text.HAL_GPIO_WritePin
                0x08000d0c       0x34 ./system/src/stm32f4-hal/stm32f4xx_hal_gpio.o
                0x08000d0c                HAL_GPIO_WritePin
 .text.I2C_IsAcknowledgeFailed
                0x08000d40       0x2c ./system/src/stm32f4-hal/stm32f4xx_hal_i2c.o
 .text.I2C_WaitOnFlagUntilTimeout
                0x08000d6c       0x64 ./system/src/stm32f4-hal/stm32f4xx_hal_i2c.o
 .text.I2C_WaitOnMasterAddressFlagUntilTimeout
                0x08000dd0       0x94 ./system/src/stm32f4-hal/stm32f4xx_hal_i2c.o
 .text.I2C_WaitOnTXEFlagUntilTimeout
                0x08000e64       0x50 ./system/src/stm32f4-hal/stm32f4xx_hal_i2c.o
 .text.I2C_RequestMemoryWrite
                0x08000eb4       0xd4 ./system/src/stm32f4-hal/stm32f4xx_hal_i2c.o
 .text.I2C_RequestMemoryRead
                0x08000f88      0x148 ./system/src/stm32f4-hal/stm32f4xx_hal_i2c.o
 .text.I2C_WaitOnBTFFlagUntilTimeout
                0x080010d0       0x50 ./system/src/stm32f4-hal/stm32f4xx_hal_i2c.o
 .text.I2C_WaitOnRXNEFlagUntilTimeout
                0x08001120       0x60 ./system/src/stm32f4-hal/stm32f4xx_hal_i2c.o
 .text.HAL_I2C_Init
                0x08001180      0x1e8 ./system/src/stm32f4-hal/stm32f4xx_hal_i2c.o
                0x08001180                HAL_I2C_Init
 .text.HAL_I2C_Mem_Write
                0x08001368      0x154 ./system/src/stm32f4-hal/stm32f4xx_hal_i2c.o
                0x08001368                HAL_I2C_Mem_Write
 .text.HAL_I2C_Mem_Read
                0x080014bc      0x284 ./system/src/stm32f4-hal/stm32f4xx_hal_i2c.o
                0x080014bc                HAL_I2C_Mem_Read
 .text.HAL_RCC_OscConfig
                0x08001740      0x448 ./system/src/stm32f4-hal/stm32f4xx_hal_rcc.o
                0x08001740                HAL_RCC_OscConfig
 .text.HAL_RCC_GetSysClockFreq
                0x08001b88       0xa4 ./system/src/stm32f4-hal/stm32f4xx_hal_rcc.o
                0x08001b88                HAL_RCC_GetSysClockFreq
 .text.HAL_RCC_ClockConfig
                0x08001c2c      0x264 ./system/src/stm32f4-hal/stm32f4xx_hal_rcc.o
                0x08001c2c                HAL_RCC_ClockConfig
 .text.HAL_RCC_GetHCLKFreq
                0x08001e90        0xc ./system/src/stm32f4-hal/stm32f4xx_hal_rcc.o
                0x08001e90                HAL_RCC_GetHCLKFreq
 .text.HAL_RCC_GetPCLK1Freq
                0x08001e9c       0x30 ./system/src/stm32f4-hal/stm32f4xx_hal_rcc.o
                0x08001e9c                HAL_RCC_GetPCLK1Freq
 .text.HAL_RCC_GetPCLK2Freq
                0x08001ecc       0x30 ./system/src/stm32f4-hal/stm32f4xx_hal_rcc.o
                0x08001ecc                HAL_RCC_GetPCLK2Freq
 .text.HAL_RCC_GetClockConfig
                0x08001efc       0x3c ./system/src/stm32f4-hal/stm32f4xx_hal_rcc.o
                0x08001efc                HAL_RCC_GetClockConfig
 .text.SPI_WaitFlagStateUntilTimeout
                0x08001f38       0x94 ./system/src/stm32f4-hal/stm32f4xx_hal_spi.o
 .text.SPI_CheckFlag_BSY
                0x08001fcc       0x28 ./system/src/stm32f4-hal/stm32f4xx_hal_spi.o
 .text.HAL_SPI_Init
                0x08001ff4      0x1bc ./system/src/stm32f4-hal/stm32f4xx_hal_spi.o
                0x08001ff4                HAL_SPI_Init
 .text.HAL_SPI_Transmit
                0x080021b0      0x1fc ./system/src/stm32f4-hal/stm32f4xx_hal_spi.o
                0x080021b0                HAL_SPI_Transmit
 .text.HAL_SPI_TransmitReceive
                0x080023ac      0x31c ./system/src/stm32f4-hal/stm32f4xx_hal_spi.o
                0x080023ac                HAL_SPI_TransmitReceive
 .text.HAL_SPI_Receive
                0x080026c8      0x224 ./system/src/stm32f4-hal/stm32f4xx_hal_spi.o
                0x080026c8                HAL_SPI_Receive
 .text.TIM_OC1_SetConfig
                0x080028ec       0x68 ./system/src/stm32f4-hal/stm32f4xx_hal_tim.o
 .text.TIM_OC3_SetConfig
                0x08002954       0xb4 ./system/src/stm32f4-hal/stm32f4xx_hal_tim.o
 .text.TIM_OC4_SetConfig
                0x08002a08       0x7c ./system/src/stm32f4-hal/stm32f4xx_hal_tim.o
 .text.HAL_TIM_Base_MspInit
                0x08002a84        0x4 ./system/src/stm32f4-hal/stm32f4xx_hal_tim.o
                0x08002a84                HAL_TIM_Base_MspInit
 .text.HAL_TIM_Base_Start_IT
                0x08002a88       0x9c ./system/src/stm32f4-hal/stm32f4xx_hal_tim.o
                0x08002a88                HAL_TIM_Base_Start_IT
 .text.HAL_TIM_OC_DelayElapsedCallback
                0x08002b24        0x4 ./system/src/stm32f4-hal/stm32f4xx_hal_tim.o
                0x08002b24                HAL_TIM_OC_DelayElapsedCallback
 .text.HAL_TIM_IC_CaptureCallback
                0x08002b28        0x4 ./system/src/stm32f4-hal/stm32f4xx_hal_tim.o
                0x08002b28                HAL_TIM_IC_CaptureCallback
 .text.HAL_TIM_PWM_PulseFinishedCallback
                0x08002b2c        0x4 ./system/src/stm32f4-hal/stm32f4xx_hal_tim.o
                0x08002b2c                HAL_TIM_PWM_PulseFinishedCallback
 .text.HAL_TIM_TriggerCallback
                0x08002b30        0x4 ./system/src/stm32f4-hal/stm32f4xx_hal_tim.o
                0x08002b30                HAL_TIM_TriggerCallback
 .text.HAL_TIM_IRQHandler
                0x08002b34      0x174 ./system/src/stm32f4-hal/stm32f4xx_hal_tim.o
                0x08002b34                HAL_TIM_IRQHandler
 .text.TIM_Base_SetConfig
                0x08002ca8      0x11c ./system/src/stm32f4-hal/stm32f4xx_hal_tim.o
                0x08002ca8                TIM_Base_SetConfig
 .text.HAL_TIM_Base_Init
                0x08002dc4       0xec ./system/src/stm32f4-hal/stm32f4xx_hal_tim.o
                0x08002dc4                HAL_TIM_Base_Init
 .text.HAL_TIM_PWM_Init
                0x08002eb0       0xf4 ./system/src/stm32f4-hal/stm32f4xx_hal_tim.o
                0x08002eb0                HAL_TIM_PWM_Init
 .text.TIM_OC2_SetConfig
                0x08002fa4       0x90 ./system/src/stm32f4-hal/stm32f4xx_hal_tim.o
                0x08002fa4                TIM_OC2_SetConfig
 .text.HAL_TIM_PWM_ConfigChannel
                0x08003034      0x274 ./system/src/stm32f4-hal/stm32f4xx_hal_tim.o
                0x08003034                HAL_TIM_PWM_ConfigChannel
 .text.TIM_CCxNChannelCmd
                0x080032a8       0x74 ./system/src/stm32f4-hal/stm32f4xx_hal_tim_ex.o
 .text.HAL_TIMEx_PWMN_Start_IT
                0x0800331c       0xac ./system/src/stm32f4-hal/stm32f4xx_hal_tim_ex.o
                0x0800331c                HAL_TIMEx_PWMN_Start_IT
 .text.HAL_TIMEx_PWMN_Stop_IT
                0x080033c8       0xe0 ./system/src/stm32f4-hal/stm32f4xx_hal_tim_ex.o
                0x080033c8                HAL_TIMEx_PWMN_Stop_IT
 .text.HAL_TIMEx_CommutationCallback
                0x080034a8        0x4 ./system/src/stm32f4-hal/stm32f4xx_hal_tim_ex.o
                0x080034a8                HAL_TIMEx_CommutationCallback
 .text.HAL_TIMEx_BreakCallback
                0x080034ac        0x4 ./system/src/stm32f4-hal/stm32f4xx_hal_tim_ex.o
                0x080034ac                HAL_TIMEx_BreakCallback
 .text.UART_SetConfig
                0x080034b0      0x390 ./system/src/stm32f4-hal/stm32f4xx_hal_uart.o
 .text.HAL_UART_Init
                0x08003840      0x120 ./system/src/stm32f4-hal/stm32f4xx_hal_uart.o
                0x08003840                HAL_UART_Init
 .text.USART_SetConfig
                0x08003960      0x220 ./system/src/stm32f4-hal/stm32f4xx_hal_usart.o
 .text.USART_WaitOnFlagUntilTimeout
                0x08003b80       0x78 ./system/src/stm32f4-hal/stm32f4xx_hal_usart.o
 .text.HAL_USART_Init
                0x08003bf8       0x88 ./system/src/stm32f4-hal/stm32f4xx_hal_usart.o
                0x08003bf8                HAL_USART_Init
 .text.HAL_USART_Transmit
                0x08003c80       0xe4 ./system/src/stm32f4-hal/stm32f4xx_hal_usart.o
                0x08003c80                HAL_USART_Transmit
 .text._exit    0x08003d64        0x4 ./system/src/newlib/_exit.o
                0x08003d64                _exit
 .text.abort    0x08003d68       0x14 ./system/src/newlib/_exit.o
                0x08003d68                abort
 .text._sbrk    0x08003d7c       0x44 ./system/src/newlib/_sbrk.o
                0x08003d7c                _sbrk
 .text.__initialize_args
                0x08003dc0       0x10 ./system/src/newlib/_syscalls.o
                0x08003dc0                __initialize_args
 .text.__assert_func
                0x08003dd0       0x34 ./system/src/newlib/assert.o
                0x08003dd0                __assert_func
 .text.assert_failed
                0x08003e04       0x14 ./system/src/newlib/assert.o
                0x08003e04                assert_failed
 .text.trace_printf
                0x08003e18       0x30 ./system/src/diag/Trace.o
                0x08003e18                trace_printf
 .text.trace_puts
                0x08003e48       0x20 ./system/src/diag/Trace.o
                0x08003e48                trace_puts
 .text._trace_write_semihosting_debug
                0x08003e68       0x64 ./system/src/diag/trace_impl.o
 .text.trace_write
                0x08003ecc        0x8 ./system/src/diag/trace_impl.o
                0x08003ecc                trace_write
 .text.__initialize_hardware_early
                0x08003ed4       0x24 ./system/src/cortexm/_initialize_hardware.o
                0x08003ed4                __initialize_hardware_early
 .text.dumpExceptionStack
                0x08003ef8       0xf0 ./system/src/cortexm/exception_handlers.o
                0x08003ef8                dumpExceptionStack
 .text.isSemihosting
                0x08003fe8       0x20 ./system/src/cortexm/exception_handlers.o
                0x08003fe8                isSemihosting
 .text.SystemInit
                0x08004008       0x4c ./system/src/cmsis/system_stm32f4xx.o
                0x08004008                SystemInit
 .text.SystemCoreClockUpdate
                0x08004054       0xa0 ./system/src/cmsis/system_stm32f4xx.o
                0x08004054                SystemCoreClockUpdate
 .text.HAL_InitTick
                0x080040f4       0x88 ./system-usr/src_/stm32f4xx_hal_timebase_tim.o
                0x080040f4                HAL_InitTick
 .text.HAL_TIM_PeriodElapsedCallback
                0x0800417c       0x2c ./system-usr/src_/stm32f4xx_hal_timebase_tim.o
                0x0800417c                HAL_TIM_PeriodElapsedCallback
 .text.TIM6_DAC_IRQHandler
                0x080041a8       0x10 ./system-usr/src_/stm32f4xx_hal_timebase_tim.o
                0x080041a8                TIM6_DAC_IRQHandler
 .text.get_servo_angle
                0x080041b8       0xac ./src/modules/dynamic_unit.o
 .text.get_step_engine_angle
                0x08004264       0x40 ./src/modules/dynamic_unit.o
 .text.HC05_Init
                0x080042a4       0x30 ./src/modules/dynamic_unit.o
                0x080042a4                HC05_Init
 .text.TIM1_UP_TIM10_IRQHandler
                0x080042d4       0x10 ./src/modules/dynamic_unit.o
                0x080042d4                TIM1_UP_TIM10_IRQHandler
 .text.timerSEPWMStart
                0x080042e4       0x78 ./src/modules/dynamic_unit.o
                0x080042e4                timerSEPWMStart
 .text.step_engine_init
                0x0800435c      0x140 ./src/modules/dynamic_unit.o
                0x0800435c                step_engine_init
 .text.HAL_TIM_PWM_MspInit
                0x0800449c       0x64 ./src/modules/dynamic_unit.o
                0x0800449c                HAL_TIM_PWM_MspInit
 .text.calculate_angles
                0x08004500       0xc8 ./src/modules/dynamic_unit.o
                0x08004500                calculate_angles
 .text.rotate_step_engine_by_angles
                0x080045c8       0x8c ./src/modules/dynamic_unit.o
                0x080045c8                rotate_step_engine_by_angles
 .text.send_stepEngine_angle
                0x08004654       0x20 ./src/modules/dynamic_unit.o
                0x08004654                send_stepEngine_angle
 .text.send_servo_pos
                0x08004674       0x38 ./src/modules/dynamic_unit.o
                0x08004674                send_servo_pos
 .text.motors_rotateAll
                0x080046ac       0x50 ./src/modules/dynamic_unit.o
 .text.MOTORS_Init
                0x080046fc        0xc ./src/modules/dynamic_unit.o
                0x080046fc                MOTORS_Init
 .text.MOTORS_task
                0x08004708       0x98 ./src/modules/dynamic_unit.o
                0x08004708                MOTORS_task
 .text.IMU_updateDataAll
                0x080047a0      0x2cc ./src/modules/kinematic_unit.o
 .text.get_gyro_staticShift
                0x08004a6c       0x94 ./src/modules/kinematic_unit.o
                0x08004a6c                get_gyro_staticShift
 .text.get_accel_staticShift
                0x08004b00      0x14c ./src/modules/kinematic_unit.o
                0x08004b00                get_accel_staticShift
 .text.get_staticShifts
                0x08004c4c       0x60 ./src/modules/kinematic_unit.o
 *fill*         0x08004cac        0x4 
 .text.bmp280_update
                0x08004cb0       0xb4 ./src/modules/kinematic_unit.o
                0x08004cb0                bmp280_update
 .text._IMUtask_updateData
                0x08004d64       0x64 ./src/modules/kinematic_unit.o
                0x08004d64                _IMUtask_updateData
 .text.IMU_Init
                0x08004dc8       0x74 ./src/modules/kinematic_unit.o
                0x08004dc8                IMU_Init
 .text.IMU_task
                0x08004e3c      0x130 ./src/modules/kinematic_unit.o
                0x08004e3c                IMU_task
 .text.mavlink_msg_camera_orientation_send
                0x08004f6c      0xe64 ./src/modules/telemetry.o
 .text.mavlink_msg_sensors_send
                0x08005dd0      0xe6c ./src/modules/telemetry.o
 .text.mavlink_msg_gps_send
                0x08006c3c      0xe78 ./src/modules/telemetry.o
 .text.mavlink_msg_imu_rsc_send
                0x08007ab4      0xecc ./src/modules/telemetry.o
 .text.mavlink_msg_state_send
                0x08008980      0xec4 ./src/modules/telemetry.o
 .text.mavlink_msg_imu_isc_send
                0x08009844      0xf18 ./src/modules/telemetry.o
 .text.mavlink_msg_state_zero_send
                0x0800a75c      0xf14 ./src/modules/telemetry.o
 .text.IO_RF_Init
                0x0800b670       0x40 ./src/modules/telemetry.o
                0x0800b670                IO_RF_Init
 .text.IO_RF_task
                0x0800b6b0       0xa0 ./src/modules/telemetry.o
                0x0800b6b0                IO_RF_task
 .text.invSqrt  0x0800b750       0xa0 ./src/library/MadgwickAHRS.o
                0x0800b750                invSqrt
 .text.MadgwickAHRSupdateIMU
                0x0800b7f0      0x390 ./src/library/MadgwickAHRS.o
                0x0800b7f0                MadgwickAHRSupdateIMU
 .text.MadgwickAHRSupdate
                0x0800bb80      0x984 ./src/library/MadgwickAHRS.o
                0x0800bb80                MadgwickAHRSupdate
 .text.quat_mult
                0x0800c504       0x28 ./src/library/quaternion.o
                0x0800c504                quat_mult
 .text.vect_mult
                0x0800c52c       0x28 ./src/library/quaternion.o
                0x0800c52c                vect_mult
 *fill*         0x0800c554        0x4 
 .text.quat_abs
                0x0800c558       0x68 ./src/library/quaternion.o
                0x0800c558                quat_abs
 .text.vect_abs
                0x0800c5c0       0x68 ./src/library/quaternion.o
                0x0800c5c0                vect_abs
 .text.quat_normalize
                0x0800c628       0x1c ./src/library/quaternion.o
                0x0800c628                quat_normalize
 .text.vect_normalise
                0x0800c644       0x1c ./src/library/quaternion.o
                0x0800c644                vect_normalise
 .text.quat_invert
                0x0800c660       0x54 ./src/library/quaternion.o
                0x0800c660                quat_invert
 .text.quat_mult_by_quat
                0x0800c6b4       0xc4 ./src/library/quaternion.o
                0x0800c6b4                quat_mult_by_quat
 .text.quat_mult_by_vect
                0x0800c778       0x44 ./src/library/quaternion.o
                0x0800c778                quat_mult_by_vect
 .text.vect_rotate
                0x0800c7bc       0x6c ./src/library/quaternion.o
                0x0800c7bc                vect_rotate
 .text.disk_status
                0x0800c828       0x10 ./src/drivers/sd/fatfs/diskio.o
                0x0800c828                disk_status
 .text.disk_initialize
                0x0800c838       0x2c ./src/drivers/sd/fatfs/diskio.o
                0x0800c838                disk_initialize
 .text.disk_read
                0x0800c864       0x2c ./src/drivers/sd/fatfs/diskio.o
                0x0800c864                disk_read
 .text.disk_write
                0x0800c890       0x2c ./src/drivers/sd/fatfs/diskio.o
                0x0800c890                disk_write
 .text.disk_ioctl
                0x0800c8bc       0x10 ./src/drivers/sd/fatfs/diskio.o
                0x0800c8bc                disk_ioctl
 .text.ld_word  0x0800c8cc        0xc ./src/drivers/sd/fatfs/ff.o
 .text.ld_dword
                0x0800c8d8       0x18 ./src/drivers/sd/fatfs/ff.o
 .text.st_word  0x0800c8f0        0x8 ./src/drivers/sd/fatfs/ff.o
 .text.st_dword
                0x0800c8f8       0x14 ./src/drivers/sd/fatfs/ff.o
 .text.mem_cpy  0x0800c90c       0x14 ./src/drivers/sd/fatfs/ff.o
 .text.mem_set  0x0800c920        0xc ./src/drivers/sd/fatfs/ff.o
 .text.mem_cmp  0x0800c92c       0x20 ./src/drivers/sd/fatfs/ff.o
 .text.chk_chr  0x0800c94c       0x14 ./src/drivers/sd/fatfs/ff.o
 .text.dbc_1st  0x0800c960        0x4 ./src/drivers/sd/fatfs/ff.o
 .text.dbc_2nd  0x0800c964        0x4 ./src/drivers/sd/fatfs/ff.o
 .text.clst2sect
                0x0800c968       0x18 ./src/drivers/sd/fatfs/ff.o
 .text.ld_clust
                0x0800c980       0x24 ./src/drivers/sd/fatfs/ff.o
 .text.st_clust
                0x0800c9a4       0x24 ./src/drivers/sd/fatfs/ff.o
 .text.create_name
                0x0800c9c8      0x110 ./src/drivers/sd/fatfs/ff.o
 .text.get_ldnumber
                0x0800cad8       0x58 ./src/drivers/sd/fatfs/ff.o
 .text.validate
                0x0800cb30       0x48 ./src/drivers/sd/fatfs/ff.o
 .text.sync_window
                0x0800cb78       0x50 ./src/drivers/sd/fatfs/ff.o
 .text.move_window
                0x0800cbc8       0x34 ./src/drivers/sd/fatfs/ff.o
 .text.check_fs
                0x0800cbfc       0x78 ./src/drivers/sd/fatfs/ff.o
 .text.find_volume
                0x0800cc74      0x2ec ./src/drivers/sd/fatfs/ff.o
 .text.put_fat  0x0800cf60      0x108 ./src/drivers/sd/fatfs/ff.o
 .text.get_fat  0x0800d068       0xd4 ./src/drivers/sd/fatfs/ff.o
 .text.dir_sdi  0x0800d13c       0xb4 ./src/drivers/sd/fatfs/ff.o
 .text.create_chain
                0x0800d1f0      0x114 ./src/drivers/sd/fatfs/ff.o
 .text.remove_chain
                0x0800d304       0x7c ./src/drivers/sd/fatfs/ff.o
 .text.dir_clear
                0x0800d380       0x54 ./src/drivers/sd/fatfs/ff.o
 .text.dir_next
                0x0800d3d4       0xdc ./src/drivers/sd/fatfs/ff.o
 .text.dir_find
                0x0800d4b0       0x58 ./src/drivers/sd/fatfs/ff.o
 .text.follow_path
                0x0800d508       0x90 ./src/drivers/sd/fatfs/ff.o
 .text.dir_alloc
                0x0800d598       0x4c ./src/drivers/sd/fatfs/ff.o
 .text.dir_register
                0x0800d5e4       0x3c ./src/drivers/sd/fatfs/ff.o
 .text.sync_fs  0x0800d620       0x8c ./src/drivers/sd/fatfs/ff.o
 .text.f_mount  0x0800d6ac       0x50 ./src/drivers/sd/fatfs/ff.o
                0x0800d6ac                f_mount
 .text.f_open   0x0800d6fc      0x1bc ./src/drivers/sd/fatfs/ff.o
                0x0800d6fc                f_open
 .text.f_write  0x0800d8b8      0x1a0 ./src/drivers/sd/fatfs/ff.o
                0x0800d8b8                f_write
 .text.f_sync   0x0800da58       0x78 ./src/drivers/sd/fatfs/ff.o
                0x0800da58                f_sync
 .text.crc7     0x0800dad0       0x3c ./src/drivers/sd/crc.o
                0x0800dad0                crc7
 .text._reset   0x0800db0c       0x10 ./src/drivers/sd/dump.o
 .text._generate_fname
                0x0800db1c       0x10 ./src/drivers/sd/dump.o
 .text.dump_init
                0x0800db2c      0x118 ./src/drivers/sd/dump.o
                0x0800db2c                dump_init
 .text.dump     0x0800dc44       0x88 ./src/drivers/sd/dump.o
                0x0800dc44                dump
 .text.sd_cs    0x0800dccc       0x18 ./src/drivers/sd/sd.o
                0x0800dccc                sd_cs
 .text.sd_init  0x0800dce4       0x70 ./src/drivers/sd/sd.o
                0x0800dce4                sd_init
 .text.sd_write
                0x0800dd54       0x14 ./src/drivers/sd/sd.o
                0x0800dd54                sd_write
 .text.sd_read  0x0800dd68       0x20 ./src/drivers/sd/sd.o
                0x0800dd68                sd_read
 .text.sd_response_type
                0x0800dd88       0x54 ./src/drivers/sd/sd.o
                0x0800dd88                sd_response_type
 .text.sd_response_length
                0x0800dddc       0x14 ./src/drivers/sd/sd.o
                0x0800dddc                sd_response_length
 .text.sd_cmd   0x0800ddf0       0xac ./src/drivers/sd/sd.o
                0x0800ddf0                sd_cmd
 .text.sd_wait_busy
                0x0800de9c       0x2c ./src/drivers/sd/sd.o
                0x0800de9c                sd_wait_busy
 .text.sd_startup
                0x0800dec8      0x120 ./src/drivers/sd/sd.o
                0x0800dec8                sd_startup
 .text.sd_block_write_multi
                0x0800dfe8      0x100 ./src/drivers/sd/sd.o
                0x0800dfe8                sd_block_write_multi
 .text.sd_block_read_multi
                0x0800e0e8       0xe8 ./src/drivers/sd/sd.o
                0x0800e0e8                sd_block_read_multi
 .text._swapBytesI16
                0x0800e1d0       0x18 ./src/drivers/MPU9255.o
 .text.mpu9255_readRegister
                0x0800e1e8       0x20 ./src/drivers/MPU9255.o
                0x0800e1e8                mpu9255_readRegister
 .text.mpu9255_writeRegister
                0x0800e208       0x44 ./src/drivers/MPU9255.o
                0x0800e208                mpu9255_writeRegister
 .text.mpu9255_init
                0x0800e24c      0x114 ./src/drivers/MPU9255.o
                0x0800e24c                mpu9255_init
 .text.mpu9255_readIMU
                0x0800e360       0x58 ./src/drivers/MPU9255.o
                0x0800e360                mpu9255_readIMU
 .text.mpu9255_readCompass
                0x0800e3b8       0x64 ./src/drivers/MPU9255.o
                0x0800e3b8                mpu9255_readCompass
 *fill*         0x0800e41c        0x4 
 .text.mpu9255_recalcAccel
                0x0800e420       0xd4 ./src/drivers/MPU9255.o
                0x0800e420                mpu9255_recalcAccel
 *fill*         0x0800e4f4        0x4 
 .text.mpu9255_recalcGyro
                0x0800e4f8       0xa8 ./src/drivers/MPU9255.o
                0x0800e4f8                mpu9255_recalcGyro
 .text.mpu9255_recalcCompass
                0x0800e5a0       0x3c ./src/drivers/MPU9255.o
                0x0800e5a0                mpu9255_recalcCompass
 .text._write_reg_i2c
                0x0800e5dc       0x24 ./src/drivers/UNICS_bmp280.o
 .text._read_reg_i2c
                0x0800e600       0x24 ./src/drivers/UNICS_bmp280.o
 .text.rscs_bmp280_initi2c
                0x0800e624       0x2c ./src/drivers/UNICS_bmp280.o
                0x0800e624                rscs_bmp280_initi2c
 .text.rscs_bmp280_setup
                0x0800e650       0x70 ./src/drivers/UNICS_bmp280.o
                0x0800e650                rscs_bmp280_setup
 .text.rscs_bmp280_get_calibration_values
                0x0800e6c0        0x4 ./src/drivers/UNICS_bmp280.o
                0x0800e6c0                rscs_bmp280_get_calibration_values
 .text.rscs_bmp280_changemode
                0x0800e6c4       0x24 ./src/drivers/UNICS_bmp280.o
                0x0800e6c4                rscs_bmp280_changemode
 .text.rscs_bmp280_read
                0x0800e6e8       0x4c ./src/drivers/UNICS_bmp280.o
                0x0800e6e8                rscs_bmp280_read
 *fill*         0x0800e734        0x4 
 .text.rscs_bmp280_calculate
                0x0800e738      0x370 ./src/drivers/UNICS_bmp280.o
                0x0800e738                rscs_bmp280_calculate
 .text.GPS_Init
                0x0800eaa8       0xe0 ./src/drivers/gps_nmea.o
                0x0800eaa8                GPS_Init
 .text.GPS_task
                0x0800eb88      0x1a4 ./src/drivers/gps_nmea.o
                0x0800eb88                GPS_task
 .text.hex2int  0x0800ed2c       0x30 ./src/drivers/minmea.o
 .text.minmea_check
                0x0800ed5c       0xc0 ./src/drivers/minmea.o
                0x0800ed5c                minmea_check
 .text.minmea_scan
                0x0800ee1c      0x5f8 ./src/drivers/minmea.o
                0x0800ee1c                minmea_scan
 .text.minmea_parse_gga
                0x0800f414       0x8c ./src/drivers/minmea.o
                0x0800f414                minmea_parse_gga
 .text._ce_down
                0x0800f4a0       0x14 ./src/drivers/nRF24L01.o
 .text._cs_disable
                0x0800f4b4       0x14 ./src/drivers/nRF24L01.o
 .text._ce_up   0x0800f4c8       0x14 ./src/drivers/nRF24L01.o
 .text._cs_enable
                0x0800f4dc       0x14 ./src/drivers/nRF24L01.o
 .text.nRF24L01_write_register_address
                0x0800f4f0       0x50 ./src/drivers/nRF24L01.o
                0x0800f4f0                nRF24L01_write_register_address
 .text.nRF24L01_write_register
                0x0800f540       0x34 ./src/drivers/nRF24L01.o
                0x0800f540                nRF24L01_write_register
 .text.nRF24L01_read_register
                0x0800f574       0x3c ./src/drivers/nRF24L01.o
                0x0800f574                nRF24L01_read_register
 .text.nRF24L01_read_register_address
                0x0800f5b0       0x3c ./src/drivers/nRF24L01.o
                0x0800f5b0                nRF24L01_read_register_address
 .text.nRF24L01_init
                0x0800f5ec      0x344 ./src/drivers/nRF24L01.o
                0x0800f5ec                nRF24L01_init
 .text.nRF24L01_read_status
                0x0800f930       0x30 ./src/drivers/nRF24L01.o
                0x0800f930                nRF24L01_read_status
 .text.nRF24L01_write
                0x0800f960       0xe0 ./src/drivers/nRF24L01.o
                0x0800f960                nRF24L01_write
 .text.nRF24L01_clear_status
                0x0800fa40       0x60 ./src/drivers/nRF24L01.o
                0x0800fa40                nRF24L01_clear_status
 .text.nRF24L01_send
                0x0800faa0       0x9c ./src/drivers/nRF24L01.o
                0x0800faa0                nRF24L01_send
 .text.SystemClock_Config
                0x0800fb3c       0x9c ./src/_initialize_hardware.o
                0x0800fb3c                SystemClock_Config
 .text.__initialize_hardware
                0x0800fbd8       0x10 ./src/_initialize_hardware.o
                0x0800fbd8                __initialize_hardware
 .text.main     0x0800fbe8      0x178 ./src/main.o
                0x0800fbe8                main
 .text.HAL_MspInit
                0x0800fd60        0x4 ./src/stm32f4xx_hal_msp.o
                0x0800fd60                HAL_MspInit
 .text.HAL_I2C_MspInit
                0x0800fd64       0x6c ./src/stm32f4xx_hal_msp.o
                0x0800fd64                HAL_I2C_MspInit
 .text.HAL_UART_MspInit
                0x0800fdd0       0x7c ./src/stm32f4xx_hal_msp.o
                0x0800fdd0                HAL_UART_MspInit
 .text.HAL_USART_MspInit
                0x0800fe4c       0xf4 ./src/stm32f4xx_hal_msp.o
                0x0800fe4c                HAL_USART_MspInit
 .text.HAL_SPI_MspInit
                0x0800ff40       0xbc ./src/stm32f4xx_hal_msp.o
                0x0800ff40                HAL_SPI_MspInit
 .text.prvPortStartFirstTask
                0x0800fffc       0x28 ./FreeRTOS/portable/GCC/ARM_CM4F/port.o
 .text.vPortEnableVFP
                0x08010024       0x14 ./FreeRTOS/portable/GCC/ARM_CM4F/port.o
 .text.prvTaskExitError
                0x08010038       0x64 ./FreeRTOS/portable/GCC/ARM_CM4F/port.o
 .text.pxPortInitialiseStack
                0x0801009c       0x2c ./FreeRTOS/portable/GCC/ARM_CM4F/port.o
                0x0801009c                pxPortInitialiseStack
 *fill*         0x080100c8        0x8 
 .text.SVC_Handler
                0x080100d0       0x24 ./FreeRTOS/portable/GCC/ARM_CM4F/port.o
                0x080100d0                SVC_Handler
 .text.vPortEnterCritical
                0x080100f4       0x68 ./FreeRTOS/portable/GCC/ARM_CM4F/port.o
                0x080100f4                vPortEnterCritical
 .text.vPortExitCritical
                0x0801015c       0x4c ./FreeRTOS/portable/GCC/ARM_CM4F/port.o
                0x0801015c                vPortExitCritical
 *fill*         0x080101a8        0x8 
 .text.PendSV_Handler
                0x080101b0       0x64 ./FreeRTOS/portable/GCC/ARM_CM4F/port.o
                0x080101b0                PendSV_Handler
 .text.SysTick_Handler
                0x08010214       0x2c ./FreeRTOS/portable/GCC/ARM_CM4F/port.o
                0x08010214                SysTick_Handler
 .text.vPortSetupTimerInterrupt
                0x08010240       0x38 ./FreeRTOS/portable/GCC/ARM_CM4F/port.o
                0x08010240                vPortSetupTimerInterrupt
 .text.xPortStartScheduler
                0x08010278      0x164 ./FreeRTOS/portable/GCC/ARM_CM4F/port.o
                0x08010278                xPortStartScheduler
 .text.vApplicationStackOverflowHook
                0x080103dc       0x10 ./FreeRTOS-usr/hooks.o
                0x080103dc                vApplicationStackOverflowHook
 .text.vApplicationGetIdleTaskMemory
                0x080103ec       0x18 ./FreeRTOS-usr/hooks.o
                0x080103ec                vApplicationGetIdleTaskMemory
 .text.vListInitialise
                0x08010404       0x18 ./FreeRTOS/list.o
                0x08010404                vListInitialise
 .text.vListInitialiseItem
                0x0801041c        0x8 ./FreeRTOS/list.o
                0x0801041c                vListInitialiseItem
 .text.vListInsertEnd
                0x08010424       0x18 ./FreeRTOS/list.o
                0x08010424                vListInsertEnd
 .text.vListInsert
                0x0801043c       0x34 ./FreeRTOS/list.o
                0x0801043c                vListInsert
 .text.uxListRemove
                0x08010470       0x28 ./FreeRTOS/list.o
                0x08010470                uxListRemove
 .text.prvResetNextTaskUnblockTime
                0x08010498       0x34 ./FreeRTOS/tasks.o
 .text.prvInitialiseNewTask
                0x080104cc       0x90 ./FreeRTOS/tasks.o
 .text.prvInitialiseTaskLists
                0x0801055c       0x68 ./FreeRTOS/tasks.o
 .text.prvAddNewTaskToReadyList
                0x080105c4       0xac ./FreeRTOS/tasks.o
 .text.prvCheckTasksWaitingTermination
                0x08010670       0x40 ./FreeRTOS/tasks.o
 .text.prvIdleTask
                0x080106b0       0x28 ./FreeRTOS/tasks.o
 .text.prvAddCurrentTaskToDelayedList
                0x080106d8       0x98 ./FreeRTOS/tasks.o
 .text.xTaskCreateStatic
                0x08010770       0xb8 ./FreeRTOS/tasks.o
                0x08010770                xTaskCreateStatic
 .text.vTaskStartScheduler
                0x08010828       0x74 ./FreeRTOS/tasks.o
                0x08010828                vTaskStartScheduler
 .text.vTaskSuspendAll
                0x0801089c       0x10 ./FreeRTOS/tasks.o
                0x0801089c                vTaskSuspendAll
 .text.xTaskIncrementTick
                0x080108ac      0x144 ./FreeRTOS/tasks.o
                0x080108ac                xTaskIncrementTick
 .text.xTaskResumeAll
                0x080109f0      0x118 ./FreeRTOS/tasks.o
                0x080109f0                xTaskResumeAll
 .text.vTaskDelay
                0x08010b08       0x6c ./FreeRTOS/tasks.o
                0x08010b08                vTaskDelay
 .text.vTaskSwitchContext
                0x08010b74       0xe8 ./FreeRTOS/tasks.o
                0x08010b74                vTaskSwitchContext
 *fill*         0x08010c5c        0x4 
 .text          0x08010c60      0x36c /usr/lib/gcc/arm-none-eabi/5.4.1/../../../arm-none-eabi/lib/armv7e-m/fpu/libm.a(lib_a-s_atan.o)
                0x08010c60                atan
 .text          0x08010fcc       0x10 /usr/lib/gcc/arm-none-eabi/5.4.1/../../../arm-none-eabi/lib/armv7e-m/fpu/libm.a(lib_a-s_fabs.o)
                0x08010fcc                fabs
 .text          0x08010fdc       0x60 /usr/lib/gcc/arm-none-eabi/5.4.1/../../../arm-none-eabi/lib/armv7e-m/fpu/libm.a(lib_a-sf_round.o)
                0x08010fdc                roundf
 .text          0x0801103c      0x110 /usr/lib/gcc/arm-none-eabi/5.4.1/../../../arm-none-eabi/lib/armv7e-m/fpu/libm.a(lib_a-w_log.o)
                0x0801103c                log
 *fill*         0x0801114c        0x4 
 .text          0x08011150      0x338 /usr/lib/gcc/arm-none-eabi/5.4.1/../../../arm-none-eabi/lib/armv7e-m/fpu/libm.a(lib_a-w_pow.o)
                0x08011150                pow
 .text          0x08011488       0xc0 /usr/lib/gcc/arm-none-eabi/5.4.1/../../../arm-none-eabi/lib/armv7e-m/fpu/libm.a(lib_a-w_sqrt.o)
                0x08011488                sqrt
 .text          0x08011548      0x408 /usr/lib/gcc/arm-none-eabi/5.4.1/../../../arm-none-eabi/lib/armv7e-m/fpu/libm.a(lib_a-e_log.o)
                0x08011548                __ieee754_log
 .text          0x08011950      0xb10 /usr/lib/gcc/arm-none-eabi/5.4.1/../../../arm-none-eabi/lib/armv7e-m/fpu/libm.a(lib_a-e_pow.o)
                0x08011950                __ieee754_pow
 .text          0x08012460      0x1a0 /usr/lib/gcc/arm-none-eabi/5.4.1/../../../arm-none-eabi/lib/armv7e-m/fpu/libm.a(lib_a-e_sqrt.o)
                0x08012460                __ieee754_sqrt
 .text          0x08012600       0x10 /usr/lib/gcc/arm-none-eabi/5.4.1/../../../arm-none-eabi/lib/armv7e-m/fpu/libm.a(lib_a-s_finite.o)
                0x08012600                finite
 .text          0x08012610        0x4 /usr/lib/gcc/arm-none-eabi/5.4.1/../../../arm-none-eabi/lib/armv7e-m/fpu/libm.a(lib_a-s_matherr.o)
                0x08012610                matherr
 *fill*         0x08012614        0x4 
 .text          0x08012618       0x10 /usr/lib/gcc/arm-none-eabi/5.4.1/../../../arm-none-eabi/lib/armv7e-m/fpu/libm.a(lib_a-s_nan.o)
                0x08012618                nan
 .text          0x08012628      0x128 /usr/lib/gcc/arm-none-eabi/5.4.1/../../../arm-none-eabi/lib/armv7e-m/fpu/libm.a(lib_a-s_rint.o)
                0x08012628                rint
 .text          0x08012750      0x10c /usr/lib/gcc/arm-none-eabi/5.4.1/../../../arm-none-eabi/lib/armv7e-m/fpu/libm.a(lib_a-s_scalbn.o)
                0x08012750                scalbn
 .text          0x0801285c       0x1c /usr/lib/gcc/arm-none-eabi/5.4.1/../../../arm-none-eabi/lib/armv7e-m/fpu/libm.a(lib_a-s_copysign.o)
                0x0801285c                copysign
 .text          0x08012878      0x370 /usr/lib/gcc/arm-none-eabi/5.4.1/armv7e-m/fpu/libgcc.a(_arm_addsubdf3.o)
                0x08012878                __aeabi_drsub
                0x08012880                __aeabi_dsub
                0x08012880                __subdf3
                0x08012884                __adddf3
                0x08012884                __aeabi_dadd
                0x08012afc                __aeabi_ui2d
                0x08012afc                __floatunsidf
                0x08012b1c                __floatsidf
                0x08012b1c                __aeabi_i2d
                0x08012b40                __extendsfdf2
                0x08012b40                __aeabi_f2d
                0x08012b7c                __aeabi_ul2d
                0x08012b7c                __floatundidf
                0x08012b8c                __floatdidf
                0x08012b8c                __aeabi_l2d
 .text          0x08012be8      0x424 /usr/lib/gcc/arm-none-eabi/5.4.1/armv7e-m/fpu/libgcc.a(_arm_muldivdf3.o)
                0x08012be8                __aeabi_dmul
                0x08012be8                __muldf3
                0x08012e3c                __aeabi_ddiv
                0x08012e3c                __divdf3
 .text          0x0801300c      0x110 /usr/lib/gcc/arm-none-eabi/5.4.1/armv7e-m/fpu/libgcc.a(_arm_cmpdf2.o)
                0x0801300c                __gtdf2
                0x0801300c                __gedf2
                0x08013014                __ltdf2
                0x08013014                __ledf2
                0x0801301c                __cmpdf2
                0x0801301c                __eqdf2
                0x0801301c                __nedf2
                0x08013098                __aeabi_cdrcmple
                0x080130a8                __aeabi_cdcmple
                0x080130a8                __aeabi_cdcmpeq
                0x080130b8                __aeabi_dcmpeq
                0x080130cc                __aeabi_dcmplt
                0x080130e0                __aeabi_dcmple
                0x080130f4                __aeabi_dcmpge
                0x08013108                __aeabi_dcmpgt
 .text          0x0801311c       0x2c /usr/lib/gcc/arm-none-eabi/5.4.1/armv7e-m/fpu/libgcc.a(_arm_unorddf2.o)
                0x0801311c                __aeabi_dcmpun
                0x0801311c                __unorddf2
 .text          0x08013148       0xa0 /usr/lib/gcc/arm-none-eabi/5.4.1/armv7e-m/fpu/libgcc.a(_arm_truncdfsf2.o)
                0x08013148                __aeabi_d2f
                0x08013148                __truncdfsf2
 .text          0x080131e8        0xc /usr/lib/gcc/arm-none-eabi/5.4.1/../../../arm-none-eabi/lib/armv7e-m/fpu/libg_nano.a(lib_a-errno.o)
                0x080131e8                __errno
 .text          0x080131f4       0x20 /usr/lib/gcc/arm-none-eabi/5.4.1/../../../arm-none-eabi/lib/armv7e-m/fpu/libg_nano.a(lib_a-malloc.o)
                0x080131f4                malloc
                0x08013204                free
 .text          0x08013214      0x134 /usr/lib/gcc/arm-none-eabi/5.4.1/../../../arm-none-eabi/lib/armv7e-m/fpu/libg_nano.a(lib_a-memcpy.o)
                0x08013214                memcpy
 .text          0x08013348       0x9c /usr/lib/gcc/arm-none-eabi/5.4.1/../../../arm-none-eabi/lib/armv7e-m/fpu/libg_nano.a(lib_a-memset.o)
                0x08013348                memset
 .text          0x080133e4       0x8c /usr/lib/gcc/arm-none-eabi/5.4.1/../../../arm-none-eabi/lib/armv7e-m/fpu/libg_nano.a(lib_a-nano-freer.o)
                0x080133e4                _free_r
 .text          0x08013470       0xbc /usr/lib/gcc/arm-none-eabi/5.4.1/../../../arm-none-eabi/lib/armv7e-m/fpu/libg_nano.a(lib_a-nano-mallocr.o)
                0x08013470                _malloc_r
 .text          0x0801352c      0x714 /usr/lib/gcc/arm-none-eabi/5.4.1/../../../arm-none-eabi/lib/armv7e-m/fpu/libg_nano.a(lib_a-nano-vfprintf_float.o)
                0x0801352c                __cvt
                0x08013654                __exponent
                0x080136e4                _printf_float
 .text          0x08013c40      0x3d8 /usr/lib/gcc/arm-none-eabi/5.4.1/../../../arm-none-eabi/lib/armv7e-m/fpu/libg_nano.a(lib_a-nano-vfprintf_i.o)
                0x08013c40                _printf_common
                0x08013d70                _printf_i
 .text          0x08014018       0x24 /usr/lib/gcc/arm-none-eabi/5.4.1/../../../arm-none-eabi/lib/armv7e-m/fpu/libg_nano.a(lib_a-sbrkr.o)
                0x08014018                _sbrk_r
 .text          0x0801403c       0x90 /usr/lib/gcc/arm-none-eabi/5.4.1/../../../arm-none-eabi/lib/armv7e-m/fpu/libg_nano.a(lib_a-sprintf.o)
                0x0801403c                _siprintf_r
                0x0801403c                _sprintf_r
                0x08014080                sprintf
                0x08014080                siprintf
 *fill*         0x080140cc       0x14 
 .text          0x080140e0      0x2dc /usr/lib/gcc/arm-none-eabi/5.4.1/../../../arm-none-eabi/lib/armv7e-m/fpu/libg_nano.a(lib_a-strcmp.o)
                0x080140e8                strcmp
 *fill*         0x080143bc        0x4 
 .text          0x080143c0       0xdc /usr/lib/gcc/arm-none-eabi/5.4.1/../../../arm-none-eabi/lib/armv7e-m/fpu/libg_nano.a(lib_a-strlen.o)
                0x080143c0                strlen
 .text          0x0801449c      0x140 /usr/lib/gcc/arm-none-eabi/5.4.1/../../../arm-none-eabi/lib/armv7e-m/fpu/libg_nano.a(lib_a-strtol.o)
                0x0801449c                _strtol_r
                0x080145c4                strtol
 .text          0x080145dc       0x94 /usr/lib/gcc/arm-none-eabi/5.4.1/../../../arm-none-eabi/lib/armv7e-m/fpu/libg_nano.a(lib_a-vsnprintf.o)
                0x080145dc                _vsnprintf_r
                0x080145dc                _vsniprintf_r
                0x08014650                vsnprintf
                0x08014650                vsniprintf
 .text          0x08014670      0xfa0 /usr/lib/gcc/arm-none-eabi/5.4.1/../../../arm-none-eabi/lib/armv7e-m/fpu/libg_nano.a(lib_a-dtoa.o)
                0x08014798                _dtoa_r
 .text          0x08015610       0x80 /usr/lib/gcc/arm-none-eabi/5.4.1/../../../arm-none-eabi/lib/armv7e-m/fpu/libg_nano.a(lib_a-locale.o)
                0x08015610                _setlocale_r
                0x08015650                __locale_charset
                0x08015658                __locale_mb_cur_max
                0x08015664                __locale_msgcharset
                0x0801566c                __locale_cjk_lang
                0x08015670                _localeconv_r
                0x08015678                setlocale
                0x08015688                localeconv
 .text          0x08015690       0xa0 /usr/lib/gcc/arm-none-eabi/5.4.1/../../../arm-none-eabi/lib/armv7e-m/fpu/libg_nano.a(lib_a-memchr.o)
                0x08015690                memchr
 .text          0x08015730      0x96c /usr/lib/gcc/arm-none-eabi/5.4.1/../../../arm-none-eabi/lib/armv7e-m/fpu/libg_nano.a(lib_a-mprec.o)
                0x08015730                _Balloc
                0x08015798                _Bfree
                0x080157d0                __multadd
                0x0801584c                __s2b
                0x080158e4                __hi0bits
                0x08015924                __lo0bits
                0x08015980                __i2b
                0x08015994                __multiply
                0x08015ac4                __pow5mult
                0x08015b7c                __lshift
                0x08015c24                __mcmp
                0x08015c68                __mdiff
                0x08015d7c                __ulp
                0x08015dd0                __b2d
                0x08015ea0                __d2b
                0x08015f5c                __ratio
                0x08015fbc                _mprec_log10
                0x08015ff4                __copybits
                0x0801603c                __any_on
 .text          0x0801609c       0x1c /usr/lib/gcc/arm-none-eabi/5.4.1/../../../arm-none-eabi/lib/armv7e-m/fpu/libg_nano.a(lib_a-nano-callocr.o)
                0x0801609c                _calloc_r
 .text          0x080160b8      0x3f8 /usr/lib/gcc/arm-none-eabi/5.4.1/../../../arm-none-eabi/lib/armv7e-m/fpu/libg_nano.a(lib_a-nano-svfprintf.o)
                0x080160b8                __ssputs_r
                0x08016184                __ssprint_r
                0x08016284                _svfprintf_r
                0x08016284                _svfiprintf_r
 .text          0x080164b0       0xc8 /usr/lib/gcc/arm-none-eabi/5.4.1/../../../arm-none-eabi/lib/armv7e-m/fpu/libg_nano.a(lib_a-memmove.o)
                0x080164b0                memmove
 .text          0x08016578       0x48 /usr/lib/gcc/arm-none-eabi/5.4.1/../../../arm-none-eabi/lib/armv7e-m/fpu/libg_nano.a(lib_a-nano-reallocr.o)
                0x08016578                _realloc_r
 .text          0x080165c0       0x14 /usr/lib/gcc/arm-none-eabi/5.4.1/../../../arm-none-eabi/lib/armv7e-m/fpu/libg_nano.a(lib_a-nano-msizer.o)
                0x080165c0                _malloc_usable_size_r
 .text          0x080165d4       0x50 /usr/lib/gcc/arm-none-eabi/5.4.1/armv7e-m/fpu/libgcc.a(_arm_fixdfsi.o)
                0x080165d4                __fixdfsi
                0x080165d4                __aeabi_d2iz
 *(.rodata .rodata.* .constdata .constdata.*)
 .rodata.str1.4
                0x08016624       0x31 ./system/src/stm32f4-hal/stm32f4xx_hal_cortex.o
 *fill*         0x08016655        0x3 
 .rodata.str1.4
                0x08016658       0x2e ./system/src/stm32f4-hal/stm32f4xx_hal_dma.o
 *fill*         0x08016686        0x2 
 .rodata.flagBitshiftOffset.10119
                0x08016688        0x8 ./system/src/stm32f4-hal/stm32f4xx_hal_dma.o
 .rodata.str1.4
                0x08016690       0x2f ./system/src/stm32f4-hal/stm32f4xx_hal_gpio.o
 *fill*         0x080166bf        0x1 
 .rodata.str1.4
                0x080166c0       0x2e ./system/src/stm32f4-hal/stm32f4xx_hal_i2c.o
 *fill*         0x080166ee        0x2 
 .rodata.APBAHBPrescTable
                0x080166f0       0x10 ./system/src/stm32f4-hal/stm32f4xx_hal_rcc.o
                0x080166f0                APBAHBPrescTable
 .rodata.str1.4
                0x08016700       0x2e ./system/src/stm32f4-hal/stm32f4xx_hal_rcc.o
 *fill*         0x0801672e        0x2 
 .rodata.str1.4
                0x08016730       0x2e ./system/src/stm32f4-hal/stm32f4xx_hal_spi.o
 *fill*         0x0801675e        0x2 
 .rodata.str1.4
                0x08016760       0x2e ./system/src/stm32f4-hal/stm32f4xx_hal_tim.o
 *fill*         0x0801678e        0x2 
 .rodata.str1.4
                0x08016790       0x31 ./system/src/stm32f4-hal/stm32f4xx_hal_tim_ex.o
 *fill*         0x080167c1        0x3 
 .rodata.str1.4
                0x080167c4       0x2f ./system/src/stm32f4-hal/stm32f4xx_hal_uart.o
 *fill*         0x080167f3        0x1 
 .rodata.str1.4
                0x080167f4       0x30 ./system/src/stm32f4-hal/stm32f4xx_hal_usart.o
 .rodata.str1.4
                0x08016824       0x14 ./system/src/newlib/_exit.o
 .rodata.str1.4
                0x08016838       0x6b ./system/src/newlib/assert.o
                                 0x6f (size before relaxing)
 *fill*         0x080168a3        0x1 
 .rodata.str1.4
                0x080168a4       0x29 ./system/src/diag/Trace.o
                                 0x2d (size before relaxing)
 *fill*         0x080168cd        0x3 
 .rodata.str1.4
                0x080168d0      0x146 ./system/src/cortexm/exception_handlers.o
 *fill*         0x08016a16        0x2 
 .rodata.AHBPrescTable
                0x08016a18       0x10 ./system/src/cmsis/system_stm32f4xx.o
                0x08016a18                AHBPrescTable
 .rodata.str1.4
                0x08016a28       0x10 ./src/modules/dynamic_unit.o
 .rodata.str1.4
                0x08016a38        0x9 ./src/modules/kinematic_unit.o
 *fill*         0x08016a41        0x3 
 .rodata.mavlink_sha256_constant_256
                0x08016a44      0x100 ./src/modules/telemetry.o
 .rodata.ExCvt  0x08016b44       0x80 ./src/drivers/sd/fatfs/ff.o
 .rodata.str1.4
                0x08016bc4       0x1a ./src/drivers/sd/fatfs/ff.o
 *fill*         0x08016bde        0x2 
 .rodata.str1.4
                0x08016be0       0x9b ./src/drivers/sd/dump.o
                                 0x9f (size before relaxing)
 *fill*         0x08016c7b        0x1 
 .rodata        0x08016c7c        0x2 ./src/drivers/UNICS_bmp280.o
 *fill*         0x08016c7e        0x2 
 .rodata.str1.4
                0x08016c80        0xc ./src/drivers/gps_nmea.o
 .rodata.str1.4
                0x08016c8c       0x90 ./src/drivers/minmea.o
                                 0x98 (size before relaxing)
 .rodata        0x08016d1c        0x5 ./src/drivers/nRF24L01.o
 *fill*         0x08016d21        0x3 
 .rodata.str1.4
                0x08016d24       0x10 ./src/drivers/nRF24L01.o
 .rodata.str1.4
                0x08016d34       0x18 ./src/main.o
 .rodata.__func__.4606
                0x08016d4c       0x11 ./FreeRTOS/portable/GCC/ARM_CM4F/port.o
 *fill*         0x08016d5d        0x3 
 .rodata.__func__.4619
                0x08016d60       0x14 ./FreeRTOS/portable/GCC/ARM_CM4F/port.o
 .rodata.str1.4
                0x08016d74      0x1fb ./FreeRTOS/portable/GCC/ARM_CM4F/port.o
 *fill*         0x08016f6f        0x1 
 .rodata.__func__.4633
                0x08016f70       0x13 ./FreeRTOS/portable/GCC/ARM_CM4F/port.o
 *fill*         0x08016f83        0x1 
 .rodata.__func__.4637
                0x08016f84       0x12 ./FreeRTOS/portable/GCC/ARM_CM4F/port.o
 *fill*         0x08016f96        0x2 
 .rodata.str1.4
                0x08016f98       0x16 ./FreeRTOS-usr/hooks.o
 *fill*         0x08016fae        0x2 
 .rodata.__func__.5470
                0x08016fb0       0x12 ./FreeRTOS/tasks.o
 *fill*         0x08016fc2        0x2 
 .rodata.__func__.5620
                0x08016fc4       0x13 ./FreeRTOS/tasks.o
 *fill*         0x08016fd7        0x1 
 .rodata.__func__.5629
                0x08016fd8       0x13 ./FreeRTOS/tasks.o
 *fill*         0x08016feb        0x1 
 .rodata.__func__.5579
                0x08016fec        0xf ./FreeRTOS/tasks.o
 *fill*         0x08016ffb        0x1 
 .rodata.__func__.5509
                0x08016ffc        0xb ./FreeRTOS/tasks.o
 *fill*         0x08017007        0x1 
 .rodata.str1.4
                0x08017008      0x2df ./FreeRTOS/tasks.o
 *fill*         0x080172e7        0x1 
 .rodata        0x080172e8       0x40 /usr/lib/gcc/arm-none-eabi/5.4.1/../../../arm-none-eabi/lib/armv7e-m/fpu/libm.a(lib_a-s_atan.o)
 .rodata.str1.4
                0x08017328        0x4 /usr/lib/gcc/arm-none-eabi/5.4.1/../../../arm-none-eabi/lib/armv7e-m/fpu/libm.a(lib_a-w_log.o)
                                  0x5 (size before relaxing)
 .rodata.str1.4
                0x0801732c        0x4 /usr/lib/gcc/arm-none-eabi/5.4.1/../../../arm-none-eabi/lib/armv7e-m/fpu/libm.a(lib_a-w_pow.o)
 .rodata.str1.4
                0x08017330        0x5 /usr/lib/gcc/arm-none-eabi/5.4.1/../../../arm-none-eabi/lib/armv7e-m/fpu/libm.a(lib_a-w_sqrt.o)
 .rodata.str1.4
                0x08017335        0x1 /usr/lib/gcc/arm-none-eabi/5.4.1/../../../arm-none-eabi/lib/armv7e-m/fpu/libm.a(lib_a-e_pow.o)
 *fill*         0x08017335        0x3 
 .rodata        0x08017338       0x10 /usr/lib/gcc/arm-none-eabi/5.4.1/../../../arm-none-eabi/lib/armv7e-m/fpu/libm.a(lib_a-s_rint.o)
 .rodata        0x08017348      0x101 /usr/lib/gcc/arm-none-eabi/5.4.1/../../../arm-none-eabi/lib/armv7e-m/fpu/libg_nano.a(lib_a-ctype_.o)
                0x08017348                _ctype_
 *fill*         0x08017449        0x3 
 .rodata.str1.4
                0x0801744c        0x2 /usr/lib/gcc/arm-none-eabi/5.4.1/../../../arm-none-eabi/lib/armv7e-m/fpu/libg_nano.a(lib_a-impure.o)
 *fill*         0x0801744e        0x2 
 .rodata.str1.4
                0x08017450       0x10 /usr/lib/gcc/arm-none-eabi/5.4.1/../../../arm-none-eabi/lib/armv7e-m/fpu/libg_nano.a(lib_a-nano-vfprintf_float.o)
                                 0x12 (size before relaxing)
 .rodata.str1.4
                0x08017460       0x25 /usr/lib/gcc/arm-none-eabi/5.4.1/../../../arm-none-eabi/lib/armv7e-m/fpu/libg_nano.a(lib_a-nano-vfprintf_i.o)
 *fill*         0x08017485        0x3 
 .rodata.str1.4
                0x08017488       0x10 /usr/lib/gcc/arm-none-eabi/5.4.1/../../../arm-none-eabi/lib/armv7e-m/fpu/libg_nano.a(lib_a-dtoa.o)
                                 0x12 (size before relaxing)
 .rodata.str1.4
                0x08017498        0xa /usr/lib/gcc/arm-none-eabi/5.4.1/../../../arm-none-eabi/lib/armv7e-m/fpu/libg_nano.a(lib_a-locale.o)
                                 0x12 (size before relaxing)
 *fill*         0x080174a2        0x6 
 .rodata        0x080174a8      0x128 /usr/lib/gcc/arm-none-eabi/5.4.1/../../../arm-none-eabi/lib/armv7e-m/fpu/libg_nano.a(lib_a-mprec.o)
                0x080174b8                __mprec_tens
                0x08017580                __mprec_tinytens
                0x080175a8                __mprec_bigtens
 .rodata.str1.4
                0x080175d0       0x14 /usr/lib/gcc/arm-none-eabi/5.4.1/../../../arm-none-eabi/lib/armv7e-m/fpu/libg_nano.a(lib_a-nano-svfprintf.o)
                                 0x13 (size before relaxing)
 *(vtable)
 *(.eh_frame*)
 *(.glue_7)
 .glue_7        0x080175e4        0x0 linker stubs
 *(.glue_7t)
 .glue_7t       0x080175e4        0x0 linker stubs

.vfp11_veneer   0x080175e4        0x0
 .vfp11_veneer  0x080175e4        0x0 linker stubs

.v4_bx          0x080175e4        0x0
 .v4_bx         0x080175e4        0x0 linker stubs

.iplt           0x080175e4        0x0
 .iplt          0x080175e4        0x0 ./system/src/stm32f4-hal/stm32f4xx_hal.o

.rel.dyn        0x080175e4        0x0
 .rel.iplt      0x080175e4        0x0 ./system/src/stm32f4-hal/stm32f4xx_hal.o

.ARM.extab
 *(.ARM.extab* .gnu.linkonce.armextab.*)
                0x080175e4                . = ALIGN (0x4)
                0x080175e4                __exidx_start = .

.ARM.exidx
 *(.ARM.exidx* .gnu.linkonce.armexidx.*)
                0x080175e4                __exidx_end = .
                0x080175e4                . = ALIGN (0x4)
                0x080175e4                _etext = .
                0x080175e4                __etext = .

.data_CCMRAM    0x10000000        0x0 load address 0x080175e4
 FILL mask 0xff
 *(.data.CCMRAM .data.CCMRAM.*)
                0x10000000                . = ALIGN (0x4)
                0x080175e4                _sidata = LOADADDR (.data)

.data           0x20000000      0x118 load address 0x080175e4
 FILL mask 0xff
                0x20000000                _sdata = .
                0x20000000                __data_start__ = .
 *(.data_begin .data_begin.*)
 .data_begin    0x20000000        0x4 ./system/src/newlib/_startup.o
 *(.data .data.*)
 .data.argv.4764
                0x20000004        0x8 ./system/src/newlib/_syscalls.o
 .data.SystemCoreClock
                0x2000000c        0x4 ./system/src/cmsis/system_stm32f4xx.o
                0x2000000c                SystemCoreClock
 .data.UNISAT_SENSORS
                0x20000010        0x1 ./src/modules/telemetry.o
                0x20000010                UNISAT_SENSORS
 .data.UNISAT_GPS
                0x20000011        0x1 ./src/modules/telemetry.o
                0x20000011                UNISAT_GPS
 .data.UNISAT_IMU
                0x20000012        0x1 ./src/modules/telemetry.o
                0x20000012                UNISAT_IMU
 .data.UNISAT_NoComp
                0x20000013        0x1 ./src/modules/telemetry.o
                0x20000013                UNISAT_NoComp
 .data.UNISAT_ID
                0x20000014        0x1 ./src/modules/telemetry.o
                0x20000014                UNISAT_ID
 *fill*         0x20000015        0x3 ff
 .data.q0       0x20000018        0x4 ./src/library/MadgwickAHRS.o
                0x20000018                q0
 .data.instability_fix
                0x2000001c        0x4 ./src/library/MadgwickAHRS.o
                0x2000001c                instability_fix
 .data.mmc_status
                0x20000020        0x4 ./src/drivers/sd/fatfs/diskio.o
 .data.stop_tran_token.11600
                0x20000024        0x1 ./src/drivers/sd/sd.o
 *fill*         0x20000025        0x1 ff
 .data.dummy.11591
                0x20000026        0x2 ./src/drivers/sd/sd.o
 .data.uxCriticalNesting
                0x20000028        0x4 ./FreeRTOS/portable/GCC/ARM_CM4F/port.o
 .data          0x2000002c        0x1 /usr/lib/gcc/arm-none-eabi/5.4.1/../../../arm-none-eabi/lib/armv7e-m/fpu/libm.a(lib_a-s_lib_ver.o)
                0x2000002c                __fdlib_version
 *fill*         0x2000002d        0x3 ff
 .data          0x20000030        0x4 /usr/lib/gcc/arm-none-eabi/5.4.1/../../../arm-none-eabi/lib/armv7e-m/fpu/libg_nano.a(lib_a-ctype_.o)
                0x20000030                __ctype_ptr__
 .data          0x20000034       0x64 /usr/lib/gcc/arm-none-eabi/5.4.1/../../../arm-none-eabi/lib/armv7e-m/fpu/libg_nano.a(lib_a-impure.o)
                0x20000034                _impure_ptr
 .data          0x20000098       0x7c /usr/lib/gcc/arm-none-eabi/5.4.1/../../../arm-none-eabi/lib/armv7e-m/fpu/libg_nano.a(lib_a-locale.o)
                0x200000b8                __mb_cur_max
 *(.data_end .data_end.*)
 .data_end      0x20000114        0x4 ./system/src/newlib/_startup.o
                0x20000118                . = ALIGN (0x4)
                0x20000118                _edata = .
                0x20000118                __data_end__ = .

.igot.plt       0x20000118        0x0 load address 0x080176fc
 .igot.plt      0x20000118        0x0 ./system/src/stm32f4-hal/stm32f4xx_hal.o

.bss_CCMRAM     0x10000000        0x0
 *(.bss.CCMRAM .bss.CCMRAM.*)

.bss            0x20000118    0x1e448
                0x20000118                __bss_start__ = .
                0x20000118                _sbss = .
 *(.bss_begin .bss_begin.*)
 .bss_begin     0x20000118        0x4 ./system/src/newlib/_startup.o
 *(.bss .bss.*)
 .bss.uwTick    0x2000011c        0x4 ./system/src/stm32f4-hal/stm32f4xx_hal.o
                0x2000011c                uwTick
 .bss.current_heap_end.4455
                0x20000120        0x4 ./system/src/newlib/_sbrk.o
 .bss.name.4763
                0x20000124        0x1 ./system/src/newlib/_syscalls.o
 *fill*         0x20000125        0x3 
 .bss.buf.5647  0x20000128       0x80 ./system/src/diag/Trace.o
 .bss.counter.12040
                0x200001a8        0x4 ./src/modules/dynamic_unit.o
 .bss.counter.12036
                0x200001ac        0x4 ./src/modules/dynamic_unit.o
 .bss.counter.12039
                0x200001b0        0x4 ./src/modules/dynamic_unit.o
 .bss.counter.13477
                0x200001b4        0x1 ./src/modules/kinematic_unit.o
 *fill*         0x200001b5        0x3 
 .bss.exit_cnt.13486
                0x200001b8        0x4 ./src/modules/kinematic_unit.o
 .bss.stream_file
                0x200001bc       0x38 ./src/modules/telemetry.o
 .bss.m_mavlink_status.6845
                0x200001f4       0x60 ./src/modules/telemetry.o
 .bss.q1        0x20000254        0x4 ./src/library/MadgwickAHRS.o
                0x20000254                q1
 .bss.q2        0x20000258        0x4 ./src/library/MadgwickAHRS.o
                0x20000258                q2
 .bss.q3        0x2000025c        0x4 ./src/library/MadgwickAHRS.o
                0x2000025c                q3
 .bss.Fsid      0x20000260        0x2 ./src/drivers/sd/fatfs/ff.o
 *fill*         0x20000262        0x2 
 .bss.FatFs     0x20000264        0x4 ./src/drivers/sd/fatfs/ff.o
 .bss._fs       0x20000268      0x230 ./src/drivers/sd/dump.o
 .bss._fs_mounted
                0x20000498        0x1 ./src/drivers/sd/dump.o
 *fill*         0x20000499        0x3 
 .bss._dma_buffer
                0x2000049c      0x190 ./src/drivers/gps_nmea.o
 .bss._msg_carret
                0x2000062c        0x4 ./src/drivers/gps_nmea.o
 .bss.dma_GPS   0x20000630       0x60 ./src/drivers/gps_nmea.o
 .bss._dma_carret
                0x20000690        0x4 ./src/drivers/gps_nmea.o
 .bss._msg_buffer
                0x20000694       0xc8 ./src/drivers/gps_nmea.o
 .bss.uart_GPS  0x2000075c       0x40 ./src/drivers/gps_nmea.o
 .bss._iorfTaskObj
                0x2000079c       0x58 ./src/main.o
 .bss._gpsTaskObj
                0x200007f4       0x58 ./src/main.o
 .bss._MOTORSTaskStack
                0x2000084c     0x5140 ./src/main.o
 .bss._iorfTaskStack
                0x2000598c     0x6590 ./src/main.o
 .bss._MOTORSTaskObj
                0x2000bf1c       0x58 ./src/main.o
 .bss._IMUTaskStack
                0x2000bf74     0x79e0 ./src/main.o
 .bss._IMUTaskObj
                0x20013954       0x58 ./src/main.o
 .bss._gpsTaskStack
                0x200139ac     0xa280 ./src/main.o
 .bss.ucMaxSysCallPriority
                0x2001dc2c        0x1 ./FreeRTOS/portable/GCC/ARM_CM4F/port.o
 *fill*         0x2001dc2d        0x3 
 .bss.ulMaxPRIGROUPValue
                0x2001dc30        0x4 ./FreeRTOS/portable/GCC/ARM_CM4F/port.o
 .bss.uxIdleTaskStack.5567
                0x2001dc34      0x208 ./FreeRTOS-usr/hooks.o
 .bss.xIdleTaskTCB.5566
                0x2001de3c       0x58 ./FreeRTOS-usr/hooks.o
 .bss.xTickCount
                0x2001de94        0x4 ./FreeRTOS/tasks.o
 .bss.pxDelayedTaskList
                0x2001de98        0x4 ./FreeRTOS/tasks.o
 .bss.uxCurrentNumberOfTasks
                0x2001de9c        0x4 ./FreeRTOS/tasks.o
 .bss.pxCurrentTCB
                0x2001dea0        0x4 ./FreeRTOS/tasks.o
                0x2001dea0                pxCurrentTCB
 .bss.xNextTaskUnblockTime
                0x2001dea4        0x4 ./FreeRTOS/tasks.o
 .bss.uxDeletedTasksWaitingCleanUp
                0x2001dea8        0x4 ./FreeRTOS/tasks.o
 .bss.xDelayedTaskList2
                0x2001deac       0x14 ./FreeRTOS/tasks.o
 .bss.xTasksWaitingTermination
                0x2001dec0       0x14 ./FreeRTOS/tasks.o
 .bss.xSchedulerRunning
                0x2001ded4        0x4 ./FreeRTOS/tasks.o
 .bss.uxPendedTicks
                0x2001ded8        0x4 ./FreeRTOS/tasks.o
 .bss.uxTaskNumber
                0x2001dedc        0x4 ./FreeRTOS/tasks.o
 .bss.uxTopReadyPriority
                0x2001dee0        0x4 ./FreeRTOS/tasks.o
 .bss.xPendingReadyList
                0x2001dee4       0x14 ./FreeRTOS/tasks.o
 .bss.pxOverflowDelayedTaskList
                0x2001def8        0x4 ./FreeRTOS/tasks.o
 .bss.xYieldPending
                0x2001defc        0x4 ./FreeRTOS/tasks.o
 .bss.pxReadyTasksLists
                0x2001df00       0x64 ./FreeRTOS/tasks.o
 .bss.uxSchedulerSuspended
                0x2001df64        0x4 ./FreeRTOS/tasks.o
 .bss.xNumOfOverflows
                0x2001df68        0x4 ./FreeRTOS/tasks.o
 .bss.xDelayedTaskList1
                0x2001df6c       0x14 ./FreeRTOS/tasks.o
 .bss.xSuspendedTaskList
                0x2001df80       0x14 ./FreeRTOS/tasks.o
 .bss           0x2001df94        0x8 /usr/lib/gcc/arm-none-eabi/5.4.1/../../../arm-none-eabi/lib/armv7e-m/fpu/libg_nano.a(lib_a-nano-mallocr.o)
                0x2001df94                __malloc_free_list
                0x2001df98                __malloc_sbrk_start
 *(COMMON)
 COMMON         0x2001df9c        0x4 ./system/src/newlib/_syscalls.o
                0x2001df9c                errno
 COMMON         0x2001dfa0       0x3c ./system-usr/src_/stm32f4xx_hal_timebase_tim.o
                0x2001dfa0                TimHandle
 COMMON         0x2001dfdc       0x80 ./src/modules/dynamic_unit.o
                0x2001dfdc                htimSE
                0x2001e018                usart_HC05
 COMMON         0x2001e05c       0xa0 ./src/modules/kinematic_unit.o
                0x2001e05c                usart_dbg
                0x2001e0a0                bmp280_calibration_values
                0x2001e0a4                i2c_mpu9255
                0x2001e0f8                bmp280
 COMMON         0x2001e0fc      0x2c0 ./src/drivers/sd/sd.o
                0x2001e0fc                _sd_dma_spi_tx
                0x2001e15c                _sd_dma_spi_rx
                0x2001e1bc                _dummy_
 COMMON         0x2001e3bc       0x58 ./src/drivers/nRF24L01.o
                0x2001e3bc                spi_nRF24L01
 COMMON         0x2001e414      0x148 ./src/main.o
                0x2001e414                stateSensors_prev
                0x2001e420                state_zero
                0x2001e458                state_system_prev
                0x2001e464                stateCamera_orient_prev
                0x2001e478                state_system
                0x2001e484                stateSensors
                0x2001e490                stateIMU_isc_prev
                0x2001e4d0                stateCamera_orient
                0x2001e4e4                stateGPS
                0x2001e4f0                stateIMU_isc
                0x2001e530                stateIMU_rsc
                0x2001e554                stateSensors_raw
 *(.bss_end .bss_end.*)
 .bss_end       0x2001e55c        0x4 ./system/src/newlib/_startup.o
                0x2001e560                . = ALIGN (0x4)
                0x2001e560                __bss_end__ = .
                0x2001e560                _ebss = .

.noinit_CCMRAM
 *(.noinit.CCMRAM .noinit.CCMRAM.*)

.noinit         0x2001e560        0x0
                0x2001e560                _noinit = .
 *(.noinit .noinit.*)
                0x2001e560                . = ALIGN (0x4)
                0x2001e560                _end_noinit = .
                [!provide]                PROVIDE (end, _end_noinit)
                [!provide]                PROVIDE (_end, _end_noinit)
                [!provide]                PROVIDE (__end, _end_noinit)
                [!provide]                PROVIDE (__end__, _end_noinit)

._check_stack   0x2001e560      0x100
                0x2001e660                . = (. + _Minimum_Stack_Size)
 *fill*         0x2001e560      0x100 

.b1text
 *(.b1text)
 *(.b1rodata)
 *(.b1rodata.*)

.eb0text
 *(.eb0text)
 *(.eb0rodata)
 *(.eb0rodata.*)

.eb1text
 *(.eb1text)
 *(.eb1rodata)
 *(.eb1rodata.*)

.eb2text
 *(.eb2text)
 *(.eb2rodata)
 *(.eb2rodata.*)

.eb3text
 *(.eb3text)
 *(.eb3rodata)
 *(.eb3rodata.*)

.stab
 *(.stab)

.stabstr
 *(.stabstr)

.stab.excl
 *(.stab.excl)

.stab.exclstr
 *(.stab.exclstr)

.stab.index
 *(.stab.index)

.stab.indexstr
 *(.stab.indexstr)

.comment        0x00000000       0x2b
 *(.comment)
 .comment       0x00000000       0x2b ./system/src/stm32f4-hal/stm32f4xx_hal.o
                                 0x2c (size before relaxing)
 .comment       0x0000002b       0x2c ./system/src/stm32f4-hal/stm32f4xx_hal_cortex.o
 .comment       0x0000002b       0x2c ./system/src/stm32f4-hal/stm32f4xx_hal_dma.o
 .comment       0x0000002b       0x2c ./system/src/stm32f4-hal/stm32f4xx_hal_gpio.o
 .comment       0x0000002b       0x2c ./system/src/stm32f4-hal/stm32f4xx_hal_i2c.o
 .comment       0x0000002b       0x2c ./system/src/stm32f4-hal/stm32f4xx_hal_rcc.o
 .comment       0x0000002b       0x2c ./system/src/stm32f4-hal/stm32f4xx_hal_spi.o
 .comment       0x0000002b       0x2c ./system/src/stm32f4-hal/stm32f4xx_hal_tim.o
 .comment       0x0000002b       0x2c ./system/src/stm32f4-hal/stm32f4xx_hal_tim_ex.o
 .comment       0x0000002b       0x2c ./system/src/stm32f4-hal/stm32f4xx_hal_uart.o
 .comment       0x0000002b       0x2c ./system/src/stm32f4-hal/stm32f4xx_hal_usart.o
 .comment       0x0000002b       0x2c ./system/src/newlib/_exit.o
 .comment       0x0000002b       0x2c ./system/src/newlib/_sbrk.o
 .comment       0x0000002b       0x2c ./system/src/newlib/_startup.o
 .comment       0x0000002b       0x2c ./system/src/newlib/_syscalls.o
 .comment       0x0000002b       0x2c ./system/src/newlib/assert.o
 .comment       0x0000002b       0x2c ./system/src/diag/Trace.o
 .comment       0x0000002b       0x2c ./system/src/diag/trace_impl.o
 .comment       0x0000002b       0x2c ./system/src/cortexm/_initialize_hardware.o
 .comment       0x0000002b       0x2c ./system/src/cortexm/exception_handlers.o
 .comment       0x0000002b       0x2c ./system/src/cmsis/system_stm32f4xx.o
 .comment       0x0000002b       0x2c ./system/src/cmsis/vectors_stm32f405xx.o
 .comment       0x0000002b       0x2c ./system-usr/src_/stm32f4xx_hal_timebase_tim.o
 .comment       0x0000002b       0x2c ./src/modules/dynamic_unit.o
 .comment       0x0000002b       0x2c ./src/modules/kinematic_unit.o
 .comment       0x0000002b       0x2c ./src/modules/telemetry.o
 .comment       0x0000002b       0x2c ./src/library/MadgwickAHRS.o
 .comment       0x0000002b       0x2c ./src/library/quaternion.o
 .comment       0x0000002b       0x2c ./src/drivers/sd/fatfs/diskio.o
 .comment       0x0000002b       0x2c ./src/drivers/sd/fatfs/ff.o
 .comment       0x0000002b       0x2c ./src/drivers/sd/crc.o
 .comment       0x0000002b       0x2c ./src/drivers/sd/dump.o
 .comment       0x0000002b       0x2c ./src/drivers/sd/sd.o
 .comment       0x0000002b       0x2c ./src/drivers/MPU9255.o
 .comment       0x0000002b       0x2c ./src/drivers/UNICS_bmp280.o
 .comment       0x0000002b       0x2c ./src/drivers/gps_nmea.o
 .comment       0x0000002b       0x2c ./src/drivers/minmea.o
 .comment       0x0000002b       0x2c ./src/drivers/nRF24L01.o
 .comment       0x0000002b       0x2c ./src/_initialize_hardware.o
 .comment       0x0000002b       0x2c ./src/main.o
 .comment       0x0000002b       0x2c ./src/stm32f4xx_hal_msp.o
 .comment       0x0000002b       0x2c ./FreeRTOS/portable/GCC/ARM_CM4F/port.o
 .comment       0x0000002b       0x2c ./FreeRTOS-usr/hooks.o
 .comment       0x0000002b       0x2c ./FreeRTOS/list.o
 .comment       0x0000002b       0x2c ./FreeRTOS/tasks.o
 .comment       0x0000002b       0x2c /usr/lib/gcc/arm-none-eabi/5.4.1/../../../arm-none-eabi/lib/armv7e-m/fpu/libm.a(lib_a-s_atan.o)
 .comment       0x0000002b       0x2c /usr/lib/gcc/arm-none-eabi/5.4.1/../../../arm-none-eabi/lib/armv7e-m/fpu/libm.a(lib_a-s_fabs.o)
 .comment       0x0000002b       0x2c /usr/lib/gcc/arm-none-eabi/5.4.1/../../../arm-none-eabi/lib/armv7e-m/fpu/libm.a(lib_a-sf_round.o)
 .comment       0x0000002b       0x2c /usr/lib/gcc/arm-none-eabi/5.4.1/../../../arm-none-eabi/lib/armv7e-m/fpu/libm.a(lib_a-w_log.o)
 .comment       0x0000002b       0x2c /usr/lib/gcc/arm-none-eabi/5.4.1/../../../arm-none-eabi/lib/armv7e-m/fpu/libm.a(lib_a-w_pow.o)
 .comment       0x0000002b       0x2c /usr/lib/gcc/arm-none-eabi/5.4.1/../../../arm-none-eabi/lib/armv7e-m/fpu/libm.a(lib_a-w_sqrt.o)
 .comment       0x0000002b       0x2c /usr/lib/gcc/arm-none-eabi/5.4.1/../../../arm-none-eabi/lib/armv7e-m/fpu/libm.a(lib_a-e_log.o)
 .comment       0x0000002b       0x2c /usr/lib/gcc/arm-none-eabi/5.4.1/../../../arm-none-eabi/lib/armv7e-m/fpu/libm.a(lib_a-e_pow.o)
 .comment       0x0000002b       0x2c /usr/lib/gcc/arm-none-eabi/5.4.1/../../../arm-none-eabi/lib/armv7e-m/fpu/libm.a(lib_a-e_sqrt.o)
 .comment       0x0000002b       0x2c /usr/lib/gcc/arm-none-eabi/5.4.1/../../../arm-none-eabi/lib/armv7e-m/fpu/libm.a(lib_a-s_finite.o)
 .comment       0x0000002b       0x2c /usr/lib/gcc/arm-none-eabi/5.4.1/../../../arm-none-eabi/lib/armv7e-m/fpu/libm.a(lib_a-s_lib_ver.o)
 .comment       0x0000002b       0x2c /usr/lib/gcc/arm-none-eabi/5.4.1/../../../arm-none-eabi/lib/armv7e-m/fpu/libm.a(lib_a-s_matherr.o)
 .comment       0x0000002b       0x2c /usr/lib/gcc/arm-none-eabi/5.4.1/../../../arm-none-eabi/lib/armv7e-m/fpu/libm.a(lib_a-s_nan.o)
 .comment       0x0000002b       0x2c /usr/lib/gcc/arm-none-eabi/5.4.1/../../../arm-none-eabi/lib/armv7e-m/fpu/libm.a(lib_a-s_rint.o)
 .comment       0x0000002b       0x2c /usr/lib/gcc/arm-none-eabi/5.4.1/../../../arm-none-eabi/lib/armv7e-m/fpu/libm.a(lib_a-s_scalbn.o)
 .comment       0x0000002b       0x2c /usr/lib/gcc/arm-none-eabi/5.4.1/../../../arm-none-eabi/lib/armv7e-m/fpu/libm.a(lib_a-s_copysign.o)
 .comment       0x0000002b       0x2c /usr/lib/gcc/arm-none-eabi/5.4.1/../../../arm-none-eabi/lib/armv7e-m/fpu/libg_nano.a(lib_a-ctype_.o)
 .comment       0x0000002b       0x2c /usr/lib/gcc/arm-none-eabi/5.4.1/../../../arm-none-eabi/lib/armv7e-m/fpu/libg_nano.a(lib_a-errno.o)
 .comment       0x0000002b       0x2c /usr/lib/gcc/arm-none-eabi/5.4.1/../../../arm-none-eabi/lib/armv7e-m/fpu/libg_nano.a(lib_a-impure.o)
 .comment       0x0000002b       0x2c /usr/lib/gcc/arm-none-eabi/5.4.1/../../../arm-none-eabi/lib/armv7e-m/fpu/libg_nano.a(lib_a-malloc.o)
 .comment       0x0000002b       0x2c /usr/lib/gcc/arm-none-eabi/5.4.1/../../../arm-none-eabi/lib/armv7e-m/fpu/libg_nano.a(lib_a-memset.o)
 .comment       0x0000002b       0x2c /usr/lib/gcc/arm-none-eabi/5.4.1/../../../arm-none-eabi/lib/armv7e-m/fpu/libg_nano.a(lib_a-nano-freer.o)
 .comment       0x0000002b       0x2c /usr/lib/gcc/arm-none-eabi/5.4.1/../../../arm-none-eabi/lib/armv7e-m/fpu/libg_nano.a(lib_a-nano-mallocr.o)
 .comment       0x0000002b       0x2c /usr/lib/gcc/arm-none-eabi/5.4.1/../../../arm-none-eabi/lib/armv7e-m/fpu/libg_nano.a(lib_a-nano-vfprintf_float.o)
 .comment       0x0000002b       0x2c /usr/lib/gcc/arm-none-eabi/5.4.1/../../../arm-none-eabi/lib/armv7e-m/fpu/libg_nano.a(lib_a-nano-vfprintf_i.o)
 .comment       0x0000002b       0x2c /usr/lib/gcc/arm-none-eabi/5.4.1/../../../arm-none-eabi/lib/armv7e-m/fpu/libg_nano.a(lib_a-sbrkr.o)
 .comment       0x0000002b       0x2c /usr/lib/gcc/arm-none-eabi/5.4.1/../../../arm-none-eabi/lib/armv7e-m/fpu/libg_nano.a(lib_a-sprintf.o)
 .comment       0x0000002b       0x2c /usr/lib/gcc/arm-none-eabi/5.4.1/../../../arm-none-eabi/lib/armv7e-m/fpu/libg_nano.a(lib_a-strtol.o)
 .comment       0x0000002b       0x2c /usr/lib/gcc/arm-none-eabi/5.4.1/../../../arm-none-eabi/lib/armv7e-m/fpu/libg_nano.a(lib_a-vsnprintf.o)
 .comment       0x0000002b       0x2c /usr/lib/gcc/arm-none-eabi/5.4.1/../../../arm-none-eabi/lib/armv7e-m/fpu/libg_nano.a(lib_a-dtoa.o)
 .comment       0x0000002b       0x2c /usr/lib/gcc/arm-none-eabi/5.4.1/../../../arm-none-eabi/lib/armv7e-m/fpu/libg_nano.a(lib_a-locale.o)
 .comment       0x0000002b       0x2c /usr/lib/gcc/arm-none-eabi/5.4.1/../../../arm-none-eabi/lib/armv7e-m/fpu/libg_nano.a(lib_a-mprec.o)
 .comment       0x0000002b       0x2c /usr/lib/gcc/arm-none-eabi/5.4.1/../../../arm-none-eabi/lib/armv7e-m/fpu/libg_nano.a(lib_a-nano-callocr.o)
 .comment       0x0000002b       0x2c /usr/lib/gcc/arm-none-eabi/5.4.1/../../../arm-none-eabi/lib/armv7e-m/fpu/libg_nano.a(lib_a-nano-svfprintf.o)
 .comment       0x0000002b       0x2c /usr/lib/gcc/arm-none-eabi/5.4.1/../../../arm-none-eabi/lib/armv7e-m/fpu/libg_nano.a(lib_a-memmove.o)
 .comment       0x0000002b       0x2c /usr/lib/gcc/arm-none-eabi/5.4.1/../../../arm-none-eabi/lib/armv7e-m/fpu/libg_nano.a(lib_a-nano-reallocr.o)
 .comment       0x0000002b       0x2c /usr/lib/gcc/arm-none-eabi/5.4.1/../../../arm-none-eabi/lib/armv7e-m/fpu/libg_nano.a(lib_a-nano-msizer.o)

.ARM.attributes
                0x00000000       0x37
 .ARM.attributes
                0x00000000       0x39 ./system/src/stm32f4-hal/stm32f4xx_hal.o
 .ARM.attributes
                0x00000039       0x39 ./system/src/stm32f4-hal/stm32f4xx_hal_cortex.o
 .ARM.attributes
                0x00000072       0x39 ./system/src/stm32f4-hal/stm32f4xx_hal_dma.o
 .ARM.attributes
                0x000000ab       0x39 ./system/src/stm32f4-hal/stm32f4xx_hal_gpio.o
 .ARM.attributes
                0x000000e4       0x39 ./system/src/stm32f4-hal/stm32f4xx_hal_i2c.o
 .ARM.attributes
                0x0000011d       0x39 ./system/src/stm32f4-hal/stm32f4xx_hal_rcc.o
 .ARM.attributes
                0x00000156       0x39 ./system/src/stm32f4-hal/stm32f4xx_hal_spi.o
 .ARM.attributes
                0x0000018f       0x39 ./system/src/stm32f4-hal/stm32f4xx_hal_tim.o
 .ARM.attributes
                0x000001c8       0x39 ./system/src/stm32f4-hal/stm32f4xx_hal_tim_ex.o
 .ARM.attributes
                0x00000201       0x39 ./system/src/stm32f4-hal/stm32f4xx_hal_uart.o
 .ARM.attributes
                0x0000023a       0x39 ./system/src/stm32f4-hal/stm32f4xx_hal_usart.o
 .ARM.attributes
                0x00000273       0x39 ./system/src/newlib/_exit.o
 .ARM.attributes
                0x000002ac       0x39 ./system/src/newlib/_sbrk.o
 .ARM.attributes
                0x000002e5       0x39 ./system/src/newlib/_startup.o
 .ARM.attributes
                0x0000031e       0x39 ./system/src/newlib/_syscalls.o
 .ARM.attributes
                0x00000357       0x39 ./system/src/newlib/assert.o
 .ARM.attributes
                0x00000390       0x39 ./system/src/diag/Trace.o
 .ARM.attributes
                0x000003c9       0x39 ./system/src/diag/trace_impl.o
 .ARM.attributes
                0x00000402       0x39 ./system/src/cortexm/_initialize_hardware.o
 .ARM.attributes
                0x0000043b       0x39 ./system/src/cortexm/exception_handlers.o
 .ARM.attributes
                0x00000474       0x39 ./system/src/cmsis/system_stm32f4xx.o
 .ARM.attributes
                0x000004ad       0x39 ./system/src/cmsis/vectors_stm32f405xx.o
 .ARM.attributes
                0x000004e6       0x39 ./system-usr/src_/stm32f4xx_hal_timebase_tim.o
 .ARM.attributes
                0x0000051f       0x39 ./src/modules/dynamic_unit.o
 .ARM.attributes
                0x00000558       0x39 ./src/modules/kinematic_unit.o
 .ARM.attributes
                0x00000591       0x39 ./src/modules/telemetry.o
 .ARM.attributes
                0x000005ca       0x39 ./src/library/MadgwickAHRS.o
 .ARM.attributes
                0x00000603       0x39 ./src/library/quaternion.o
 .ARM.attributes
                0x0000063c       0x39 ./src/drivers/sd/fatfs/diskio.o
 .ARM.attributes
                0x00000675       0x39 ./src/drivers/sd/fatfs/ff.o
 .ARM.attributes
                0x000006ae       0x39 ./src/drivers/sd/crc.o
 .ARM.attributes
                0x000006e7       0x39 ./src/drivers/sd/dump.o
 .ARM.attributes
                0x00000720       0x39 ./src/drivers/sd/sd.o
 .ARM.attributes
                0x00000759       0x39 ./src/drivers/MPU9255.o
 .ARM.attributes
                0x00000792       0x39 ./src/drivers/UNICS_bmp280.o
 .ARM.attributes
                0x000007cb       0x39 ./src/drivers/gps_nmea.o
 .ARM.attributes
                0x00000804       0x39 ./src/drivers/minmea.o
 .ARM.attributes
                0x0000083d       0x39 ./src/drivers/nRF24L01.o
 .ARM.attributes
                0x00000876       0x39 ./src/_initialize_hardware.o
 .ARM.attributes
                0x000008af       0x39 ./src/main.o
 .ARM.attributes
                0x000008e8       0x39 ./src/stm32f4xx_hal_msp.o
 .ARM.attributes
                0x00000921       0x39 ./FreeRTOS/portable/GCC/ARM_CM4F/port.o
 .ARM.attributes
                0x0000095a       0x39 ./FreeRTOS-usr/hooks.o
 .ARM.attributes
                0x00000993       0x39 ./FreeRTOS/list.o
 .ARM.attributes
                0x000009cc       0x39 ./FreeRTOS/tasks.o
 .ARM.attributes
                0x00000a05       0x34 /usr/lib/gcc/arm-none-eabi/5.4.1/../../../arm-none-eabi/lib/armv7e-m/fpu/libm.a(lib_a-s_atan.o)
 .ARM.attributes
                0x00000a39       0x34 /usr/lib/gcc/arm-none-eabi/5.4.1/../../../arm-none-eabi/lib/armv7e-m/fpu/libm.a(lib_a-s_fabs.o)
 .ARM.attributes
                0x00000a6d       0x34 /usr/lib/gcc/arm-none-eabi/5.4.1/../../../arm-none-eabi/lib/armv7e-m/fpu/libm.a(lib_a-sf_round.o)
 .ARM.attributes
                0x00000aa1       0x34 /usr/lib/gcc/arm-none-eabi/5.4.1/../../../arm-none-eabi/lib/armv7e-m/fpu/libm.a(lib_a-w_log.o)
 .ARM.attributes
                0x00000ad5       0x34 /usr/lib/gcc/arm-none-eabi/5.4.1/../../../arm-none-eabi/lib/armv7e-m/fpu/libm.a(lib_a-w_pow.o)
 .ARM.attributes
                0x00000b09       0x34 /usr/lib/gcc/arm-none-eabi/5.4.1/../../../arm-none-eabi/lib/armv7e-m/fpu/libm.a(lib_a-w_sqrt.o)
 .ARM.attributes
                0x00000b3d       0x34 /usr/lib/gcc/arm-none-eabi/5.4.1/../../../arm-none-eabi/lib/armv7e-m/fpu/libm.a(lib_a-e_log.o)
 .ARM.attributes
                0x00000b71       0x34 /usr/lib/gcc/arm-none-eabi/5.4.1/../../../arm-none-eabi/lib/armv7e-m/fpu/libm.a(lib_a-e_pow.o)
 .ARM.attributes
                0x00000ba5       0x34 /usr/lib/gcc/arm-none-eabi/5.4.1/../../../arm-none-eabi/lib/armv7e-m/fpu/libm.a(lib_a-e_sqrt.o)
 .ARM.attributes
                0x00000bd9       0x34 /usr/lib/gcc/arm-none-eabi/5.4.1/../../../arm-none-eabi/lib/armv7e-m/fpu/libm.a(lib_a-s_finite.o)
 .ARM.attributes
                0x00000c0d       0x34 /usr/lib/gcc/arm-none-eabi/5.4.1/../../../arm-none-eabi/lib/armv7e-m/fpu/libm.a(lib_a-s_lib_ver.o)
 .ARM.attributes
                0x00000c41       0x34 /usr/lib/gcc/arm-none-eabi/5.4.1/../../../arm-none-eabi/lib/armv7e-m/fpu/libm.a(lib_a-s_matherr.o)
 .ARM.attributes